[0.694s] Invoking command in '/home/dlee/ros2_ws/src/sar_experiment/crazyswarm2/crazyflie_py': AMENT_PREFIX_PATH=/home/dlee/ros2_ws/src/sar_experiment/install/crazyflie_interfaces:${AMENT_PREFIX_PATH} CMAKE_PREFIX_PATH=/home/dlee/ros2_ws/src/sar_experiment/install/crazyflie_interfaces:${CMAKE_PREFIX_PATH} LD_LIBRARY_PATH=/home/dlee/ros2_ws/src/sar_experiment/install/crazyflie_interfaces/lib:${LD_LIBRARY_PATH} PYTHONPATH=/home/dlee/ros2_ws/src/sar_experiment/build/crazyflie_py/prefix_override:/usr/lib/python3/dist-packages/colcon_core/task/python/colcon_distutils_commands:/home/dlee/ros2_ws/src/sar_experiment/install/crazyflie_py/lib/python3.10/site-packages:/home/dlee/ros2_ws/src/sar_experiment/install/crazyflie_interfaces/local/lib/python3.10/dist-packages:${PYTHONPATH} /usr/bin/python3 -W ignore:setup.py install is deprecated -W ignore:easy_install command is deprecated setup.py egg_info --egg-base ../../build/crazyflie_py build --build-base /home/dlee/ros2_ws/src/sar_experiment/build/crazyflie_py/build install --record /home/dlee/ros2_ws/src/sar_experiment/build/crazyflie_py/install.log --single-version-externally-managed install_data
[0.930s] running egg_info
[0.931s] writing ../../build/crazyflie_py/crazyflie_py.egg-info/PKG-INFO
[0.931s] writing dependency_links to ../../build/crazyflie_py/crazyflie_py.egg-info/dependency_links.txt
[0.931s] writing entry points to ../../build/crazyflie_py/crazyflie_py.egg-info/entry_points.txt
[0.931s] writing requirements to ../../build/crazyflie_py/crazyflie_py.egg-info/requires.txt
[0.931s] writing top-level names to ../../build/crazyflie_py/crazyflie_py.egg-info/top_level.txt
[0.957s] reading manifest file '../../build/crazyflie_py/crazyflie_py.egg-info/SOURCES.txt'
[0.958s] writing manifest file '../../build/crazyflie_py/crazyflie_py.egg-info/SOURCES.txt'
[0.958s] running build
[0.958s] running build_py
[0.959s] running install
[0.959s] running install_lib
[0.960s] running install_data
[0.960s] running install_egg_info
[0.962s] removing '/home/dlee/ros2_ws/src/sar_experiment/install/crazyflie_py/lib/python3.10/site-packages/crazyflie_py-2.0.0-py3.10.egg-info' (and everything under it)
[0.962s] Copying ../../build/crazyflie_py/crazyflie_py.egg-info to /home/dlee/ros2_ws/src/sar_experiment/install/crazyflie_py/lib/python3.10/site-packages/crazyflie_py-2.0.0-py3.10.egg-info
[0.963s] running install_scripts
[0.978s] writing list of installed files to '/home/dlee/ros2_ws/src/sar_experiment/build/crazyflie_py/install.log'
[0.996s] Invoked command in '/home/dlee/ros2_ws/src/sar_experiment/crazyswarm2/crazyflie_py' returned '0': AMENT_PREFIX_PATH=/home/dlee/ros2_ws/src/sar_experiment/install/crazyflie_interfaces:${AMENT_PREFIX_PATH} CMAKE_PREFIX_PATH=/home/dlee/ros2_ws/src/sar_experiment/install/crazyflie_interfaces:${CMAKE_PREFIX_PATH} LD_LIBRARY_PATH=/home/dlee/ros2_ws/src/sar_experiment/install/crazyflie_interfaces/lib:${LD_LIBRARY_PATH} PYTHONPATH=/home/dlee/ros2_ws/src/sar_experiment/build/crazyflie_py/prefix_override:/usr/lib/python3/dist-packages/colcon_core/task/python/colcon_distutils_commands:/home/dlee/ros2_ws/src/sar_experiment/install/crazyflie_py/lib/python3.10/site-packages:/home/dlee/ros2_ws/src/sar_experiment/install/crazyflie_interfaces/local/lib/python3.10/dist-packages:${PYTHONPATH} /usr/bin/python3 -W ignore:setup.py install is deprecated -W ignore:easy_install command is deprecated setup.py egg_info --egg-base ../../build/crazyflie_py build --build-base /home/dlee/ros2_ws/src/sar_experiment/build/crazyflie_py/build install --record /home/dlee/ros2_ws/src/sar_experiment/build/crazyflie_py/install.log --single-version-externally-managed install_data
