/home/dlee/ros2_ws/src/sar_experiment/install/crazyflie_py/lib/python3.10/site-packages/crazyflie_py/keyboard.py
/home/dlee/ros2_ws/src/sar_experiment/install/crazyflie_py/lib/python3.10/site-packages/crazyflie_py/util.py
/home/dlee/ros2_ws/src/sar_experiment/install/crazyflie_py/lib/python3.10/site-packages/crazyflie_py/joystick.py
/home/dlee/ros2_ws/src/sar_experiment/install/crazyflie_py/lib/python3.10/site-packages/crazyflie_py/genericJoystick.py
/home/dlee/ros2_ws/src/sar_experiment/install/crazyflie_py/lib/python3.10/site-packages/crazyflie_py/uav_trajectory.py
/home/dlee/ros2_ws/src/sar_experiment/install/crazyflie_py/lib/python3.10/site-packages/crazyflie_py/crazyflie.py
/home/dlee/ros2_ws/src/sar_experiment/install/crazyflie_py/lib/python3.10/site-packages/crazyflie_py/__init__.py
/home/dlee/ros2_ws/src/sar_experiment/install/crazyflie_py/lib/python3.10/site-packages/crazyflie_py/linuxjsdev.py
/home/dlee/ros2_ws/src/sar_experiment/install/crazyflie_py/lib/python3.10/site-packages/crazyflie_py/crazyswarm_py.py
/home/dlee/ros2_ws/src/sar_experiment/install/crazyflie_py/lib/python3.10/site-packages/crazyflie_py/__pycache__/keyboard.cpython-310.pyc
/home/dlee/ros2_ws/src/sar_experiment/install/crazyflie_py/lib/python3.10/site-packages/crazyflie_py/__pycache__/util.cpython-310.pyc
/home/dlee/ros2_ws/src/sar_experiment/install/crazyflie_py/lib/python3.10/site-packages/crazyflie_py/__pycache__/joystick.cpython-310.pyc
/home/dlee/ros2_ws/src/sar_experiment/install/crazyflie_py/lib/python3.10/site-packages/crazyflie_py/__pycache__/genericJoystick.cpython-310.pyc
/home/dlee/ros2_ws/src/sar_experiment/install/crazyflie_py/lib/python3.10/site-packages/crazyflie_py/__pycache__/uav_trajectory.cpython-310.pyc
/home/dlee/ros2_ws/src/sar_experiment/install/crazyflie_py/lib/python3.10/site-packages/crazyflie_py/__pycache__/crazyflie.cpython-310.pyc
/home/dlee/ros2_ws/src/sar_experiment/install/crazyflie_py/lib/python3.10/site-packages/crazyflie_py/__pycache__/__init__.cpython-310.pyc
/home/dlee/ros2_ws/src/sar_experiment/install/crazyflie_py/lib/python3.10/site-packages/crazyflie_py/__pycache__/linuxjsdev.cpython-310.pyc
/home/dlee/ros2_ws/src/sar_experiment/install/crazyflie_py/lib/python3.10/site-packages/crazyflie_py/__pycache__/crazyswarm_py.cpython-310.pyc
/home/dlee/ros2_ws/src/sar_experiment/install/crazyflie_py/share/ament_index/resource_index/packages/crazyflie_py
/home/dlee/ros2_ws/src/sar_experiment/install/crazyflie_py/share/crazyflie_py/package.xml
/home/dlee/ros2_ws/src/sar_experiment/install/crazyflie_py/lib/python3.10/site-packages/crazyflie_py-2.0.0-py3.10.egg-info/dependency_links.txt
/home/dlee/ros2_ws/src/sar_experiment/install/crazyflie_py/lib/python3.10/site-packages/crazyflie_py-2.0.0-py3.10.egg-info/PKG-INFO
/home/dlee/ros2_ws/src/sar_experiment/install/crazyflie_py/lib/python3.10/site-packages/crazyflie_py-2.0.0-py3.10.egg-info/entry_points.txt
/home/dlee/ros2_ws/src/sar_experiment/install/crazyflie_py/lib/python3.10/site-packages/crazyflie_py-2.0.0-py3.10.egg-info/SOURCES.txt
/home/dlee/ros2_ws/src/sar_experiment/install/crazyflie_py/lib/python3.10/site-packages/crazyflie_py-2.0.0-py3.10.egg-info/top_level.txt
/home/dlee/ros2_ws/src/sar_experiment/install/crazyflie_py/lib/python3.10/site-packages/crazyflie_py-2.0.0-py3.10.egg-info/requires.txt
/home/dlee/ros2_ws/src/sar_experiment/install/crazyflie_py/lib/python3.10/site-packages/crazyflie_py-2.0.0-py3.10.egg-info/zip-safe
