[0.014s] Invoking command in '/home/dlee/ros2_ws/src/sar_experiment/build/sar_logging_exp': CMAKE_PREFIX_PATH=${CMAKE_PREFIX_PATH}:/home/dlee/ros2_ws/install/crazyflie_py:/opt/ros/humble /usr/bin/cmake /home/dlee/ros2_ws/src/sar_experiment/sar_logging_exp -DCMAKE_INSTALL_PREFIX=/home/dlee/ros2_ws/src/sar_experiment/install/sar_logging_exp
[0.077s] -- The C compiler identification is GNU 11.4.0
[0.132s] -- The CXX compiler identification is GNU 11.4.0
[0.142s] -- Detecting C compiler ABI info
[0.211s] -- Detecting C compiler ABI info - done
[0.218s] -- Check for working C compiler: /usr/bin/cc - skipped
[0.218s] -- Detecting C compile features
[0.219s] -- Detecting C compile features - done
[0.221s] -- Detecting CXX compiler ABI info
[0.303s] -- Detecting CXX compiler ABI info - done
[0.310s] -- Check for working CXX compiler: /usr/bin/c++ - skipped
[0.310s] -- Detecting CXX compile features
[0.310s] -- Detecting CXX compile features - done
[0.315s] -- Found ament_cmake: 1.3.11 (/opt/ros/humble/share/ament_cmake/cmake)
[0.466s] -- Found Python3: /usr/bin/python3 (found version "3.10.12") found components: Interpreter 
[0.600s] -- Found ament_lint_auto: 0.12.11 (/opt/ros/humble/share/ament_lint_auto/cmake)
[0.686s] -- Added test 'lint_cmake' to check CMake code style
[0.688s] -- Added test 'xmllint' to check XML markup files
[0.690s] -- Configuring done
[0.693s] -- Generating done
[0.697s] -- Build files have been written to: /home/dlee/ros2_ws/src/sar_experiment/build/sar_logging_exp
[0.700s] Invoked command in '/home/dlee/ros2_ws/src/sar_experiment/build/sar_logging_exp' returned '0': CMAKE_PREFIX_PATH=${CMAKE_PREFIX_PATH}:/home/dlee/ros2_ws/install/crazyflie_py:/opt/ros/humble /usr/bin/cmake /home/dlee/ros2_ws/src/sar_experiment/sar_logging_exp -DCMAKE_INSTALL_PREFIX=/home/dlee/ros2_ws/src/sar_experiment/install/sar_logging_exp
[0.702s] Invoking command in '/home/dlee/ros2_ws/src/sar_experiment/build/sar_logging_exp': CMAKE_PREFIX_PATH=${CMAKE_PREFIX_PATH}:/home/dlee/ros2_ws/install/crazyflie_py:/opt/ros/humble /usr/bin/cmake --build /home/dlee/ros2_ws/src/sar_experiment/build/sar_logging_exp -- -j24 -l24
[0.750s] Invoked command in '/home/dlee/ros2_ws/src/sar_experiment/build/sar_logging_exp' returned '0': CMAKE_PREFIX_PATH=${CMAKE_PREFIX_PATH}:/home/dlee/ros2_ws/install/crazyflie_py:/opt/ros/humble /usr/bin/cmake --build /home/dlee/ros2_ws/src/sar_experiment/build/sar_logging_exp -- -j24 -l24
[0.752s] Invoking command in '/home/dlee/ros2_ws/src/sar_experiment/build/sar_logging_exp': CMAKE_PREFIX_PATH=${CMAKE_PREFIX_PATH}:/home/dlee/ros2_ws/install/crazyflie_py:/opt/ros/humble /usr/bin/cmake --install /home/dlee/ros2_ws/src/sar_experiment/build/sar_logging_exp
[0.759s] -- Install configuration: ""
[0.759s] -- Installing: /home/dlee/ros2_ws/src/sar_experiment/install/sar_logging_exp/share/ament_index/resource_index/package_run_dependencies/sar_logging_exp
[0.760s] -- Installing: /home/dlee/ros2_ws/src/sar_experiment/install/sar_logging_exp/share/ament_index/resource_index/parent_prefix_path/sar_logging_exp
[0.760s] -- Installing: /home/dlee/ros2_ws/src/sar_experiment/install/sar_logging_exp/share/sar_logging_exp/environment/ament_prefix_path.sh
[0.760s] -- Installing: /home/dlee/ros2_ws/src/sar_experiment/install/sar_logging_exp/share/sar_logging_exp/environment/ament_prefix_path.dsv
[0.760s] -- Installing: /home/dlee/ros2_ws/src/sar_experiment/install/sar_logging_exp/share/sar_logging_exp/environment/path.sh
[0.760s] -- Installing: /home/dlee/ros2_ws/src/sar_experiment/install/sar_logging_exp/share/sar_logging_exp/environment/path.dsv
[0.760s] -- Installing: /home/dlee/ros2_ws/src/sar_experiment/install/sar_logging_exp/share/sar_logging_exp/local_setup.bash
[0.761s] -- Installing: /home/dlee/ros2_ws/src/sar_experiment/install/sar_logging_exp/share/sar_logging_exp/local_setup.sh
[0.761s] -- Installing: /home/dlee/ros2_ws/src/sar_experiment/install/sar_logging_exp/share/sar_logging_exp/local_setup.zsh
[0.761s] -- Installing: /home/dlee/ros2_ws/src/sar_experiment/install/sar_logging_exp/share/sar_logging_exp/local_setup.dsv
[0.761s] -- Installing: /home/dlee/ros2_ws/src/sar_experiment/install/sar_logging_exp/share/sar_logging_exp/package.dsv
[0.761s] -- Installing: /home/dlee/ros2_ws/src/sar_experiment/install/sar_logging_exp/share/ament_index/resource_index/packages/sar_logging_exp
[0.762s] -- Installing: /home/dlee/ros2_ws/src/sar_experiment/install/sar_logging_exp/share/sar_logging_exp/cmake/sar_logging_expConfig.cmake
[0.762s] -- Installing: /home/dlee/ros2_ws/src/sar_experiment/install/sar_logging_exp/share/sar_logging_exp/cmake/sar_logging_expConfig-version.cmake
[0.762s] -- Installing: /home/dlee/ros2_ws/src/sar_experiment/install/sar_logging_exp/share/sar_logging_exp/package.xml
[0.777s] Invoked command in '/home/dlee/ros2_ws/src/sar_experiment/build/sar_logging_exp' returned '0': CMAKE_PREFIX_PATH=${CMAKE_PREFIX_PATH}:/home/dlee/ros2_ws/install/crazyflie_py:/opt/ros/humble /usr/bin/cmake --install /home/dlee/ros2_ws/src/sar_experiment/build/sar_logging_exp
