[0.050s] Invoking command in '/home/dlee/ros2_ws/src/sar_experiment/build/motion_capture_tracking': AMENT_PREFIX_PATH=/home/dlee/ros2_ws/src/sar_experiment/install/motion_capture_tracking_interfaces:${AMENT_PREFIX_PATH} CMAKE_PREFIX_PATH=/home/dlee/ros2_ws/src/sar_experiment/install/motion_capture_tracking_interfaces:/home/dlee/ros2_ws/install/sar_projects:/home/dlee/ros2_ws/install/sar_gazebo:/home/dlee/ros2_ws/install/sar_control:/home/dlee/ros2_ws/install/sar_msgs:/home/dlee/ros2_ws/install/sar_logging_exp:/home/dlee/ros2_ws/install/sar_logging:/home/dlee/ros2_ws/install/sar_launch:/home/dlee/ros2_ws/install/sar_general:/home/dlee/ros2_ws/install/sar_env_exp:/home/dlee/ros2_ws/install/sar_env:/home/dlee/ros2_ws/install/sar_data_converter:/home/dlee/ros2_ws/install/sar_config:/home/dlee/ros2_ws/install/my_ignition_plugin:/home/dlee/ros2_ws/install/motion_capture_tracking:/home/dlee/ros2_ws/install/crazyflie:/home/dlee/ros2_ws/install/motion_capture_tracking_interfaces:/home/dlee/ros2_ws/install/crazyflie_sim:/home/dlee/ros2_ws/install/crazyflie_examples:/home/dlee/ros2_ws/install/crazyflie_interfaces:/home/dlee/ros2_ws/install/crazyflie_py:/opt/ros/humble LD_LIBRARY_PATH=/home/dlee/ros2_ws/src/sar_experiment/install/motion_capture_tracking_interfaces/lib:${LD_LIBRARY_PATH} PYTHONPATH=/home/dlee/ros2_ws/src/sar_experiment/install/motion_capture_tracking_interfaces/local/lib/python3.10/dist-packages:${PYTHONPATH} /usr/bin/cmake --build /home/dlee/ros2_ws/src/sar_experiment/build/motion_capture_tracking -- -j24 -l24
[0.100s] [35m[1mConsolidate compiler generated dependencies of target quat[0m
[0.101s] [35m[1mConsolidate compiler generated dependencies of target qualisys_cpp_sdk[0m
[0.102s] [35m[1mConsolidate compiler generated dependencies of target librigidbodytracker[0m
[0.109s] [35m[1mConsolidate compiler generated dependencies of target ViconDataStreamSDK_CPP[0m
[0.112s] [  7%] Built target quat
[0.116s] [ 15%] Built target qualisys_cpp_sdk
[0.126s] [35m[1mConsolidate compiler generated dependencies of target vrpn[0m
[0.132s] [ 19%] Built target librigidbodytracker
[0.152s] [ 65%] Built target vrpn
[0.164s] [ 82%] Built target ViconDataStreamSDK_CPP
[0.179s] [35m[1mConsolidate compiler generated dependencies of target libmotioncapture[0m
[0.217s] [ 96%] Built target libmotioncapture
[0.230s] [35m[1mConsolidate compiler generated dependencies of target motion_capture_tracking_node_dh[0m
[0.256s] [100%] Built target motion_capture_tracking_node_dh
[0.310s] Invoked command in '/home/dlee/ros2_ws/src/sar_experiment/build/motion_capture_tracking' returned '0': AMENT_PREFIX_PATH=/home/dlee/ros2_ws/src/sar_experiment/install/motion_capture_tracking_interfaces:${AMENT_PREFIX_PATH} CMAKE_PREFIX_PATH=/home/dlee/ros2_ws/src/sar_experiment/install/motion_capture_tracking_interfaces:/home/dlee/ros2_ws/install/sar_projects:/home/dlee/ros2_ws/install/sar_gazebo:/home/dlee/ros2_ws/install/sar_control:/home/dlee/ros2_ws/install/sar_msgs:/home/dlee/ros2_ws/install/sar_logging_exp:/home/dlee/ros2_ws/install/sar_logging:/home/dlee/ros2_ws/install/sar_launch:/home/dlee/ros2_ws/install/sar_general:/home/dlee/ros2_ws/install/sar_env_exp:/home/dlee/ros2_ws/install/sar_env:/home/dlee/ros2_ws/install/sar_data_converter:/home/dlee/ros2_ws/install/sar_config:/home/dlee/ros2_ws/install/my_ignition_plugin:/home/dlee/ros2_ws/install/motion_capture_tracking:/home/dlee/ros2_ws/install/crazyflie:/home/dlee/ros2_ws/install/motion_capture_tracking_interfaces:/home/dlee/ros2_ws/install/crazyflie_sim:/home/dlee/ros2_ws/install/crazyflie_examples:/home/dlee/ros2_ws/install/crazyflie_interfaces:/home/dlee/ros2_ws/install/crazyflie_py:/opt/ros/humble LD_LIBRARY_PATH=/home/dlee/ros2_ws/src/sar_experiment/install/motion_capture_tracking_interfaces/lib:${LD_LIBRARY_PATH} PYTHONPATH=/home/dlee/ros2_ws/src/sar_experiment/install/motion_capture_tracking_interfaces/local/lib/python3.10/dist-packages:${PYTHONPATH} /usr/bin/cmake --build /home/dlee/ros2_ws/src/sar_experiment/build/motion_capture_tracking -- -j24 -l24
[0.311s] Invoking command in '/home/dlee/ros2_ws/src/sar_experiment/build/motion_capture_tracking': AMENT_PREFIX_PATH=/home/dlee/ros2_ws/src/sar_experiment/install/motion_capture_tracking_interfaces:${AMENT_PREFIX_PATH} CMAKE_PREFIX_PATH=/home/dlee/ros2_ws/src/sar_experiment/install/motion_capture_tracking_interfaces:/home/dlee/ros2_ws/install/sar_projects:/home/dlee/ros2_ws/install/sar_gazebo:/home/dlee/ros2_ws/install/sar_control:/home/dlee/ros2_ws/install/sar_msgs:/home/dlee/ros2_ws/install/sar_logging_exp:/home/dlee/ros2_ws/install/sar_logging:/home/dlee/ros2_ws/install/sar_launch:/home/dlee/ros2_ws/install/sar_general:/home/dlee/ros2_ws/install/sar_env_exp:/home/dlee/ros2_ws/install/sar_env:/home/dlee/ros2_ws/install/sar_data_converter:/home/dlee/ros2_ws/install/sar_config:/home/dlee/ros2_ws/install/my_ignition_plugin:/home/dlee/ros2_ws/install/motion_capture_tracking:/home/dlee/ros2_ws/install/crazyflie:/home/dlee/ros2_ws/install/motion_capture_tracking_interfaces:/home/dlee/ros2_ws/install/crazyflie_sim:/home/dlee/ros2_ws/install/crazyflie_examples:/home/dlee/ros2_ws/install/crazyflie_interfaces:/home/dlee/ros2_ws/install/crazyflie_py:/opt/ros/humble LD_LIBRARY_PATH=/home/dlee/ros2_ws/src/sar_experiment/install/motion_capture_tracking_interfaces/lib:${LD_LIBRARY_PATH} PYTHONPATH=/home/dlee/ros2_ws/src/sar_experiment/install/motion_capture_tracking_interfaces/local/lib/python3.10/dist-packages:${PYTHONPATH} /usr/bin/cmake --install /home/dlee/ros2_ws/src/sar_experiment/build/motion_capture_tracking
[0.318s] -- Install configuration: ""
[0.319s] -- Up-to-date: /home/dlee/ros2_ws/src/sar_experiment/install/motion_capture_tracking/lib/motion_capture_tracking/motion_capture_tracking_node_dh
[0.319s] -- Up-to-date: /home/dlee/ros2_ws/src/sar_experiment/install/motion_capture_tracking/lib/motion_capture_tracking/libNatNet.so
[0.319s] -- Up-to-date: /home/dlee/ros2_ws/src/sar_experiment/install/motion_capture_tracking/share/motion_capture_tracking//launch
[0.319s] -- Up-to-date: /home/dlee/ros2_ws/src/sar_experiment/install/motion_capture_tracking/share/motion_capture_tracking//launch/node.launch
[0.319s] -- Up-to-date: /home/dlee/ros2_ws/src/sar_experiment/install/motion_capture_tracking/share/motion_capture_tracking//launch/launch.py
[0.319s] -- Up-to-date: /home/dlee/ros2_ws/src/sar_experiment/install/motion_capture_tracking/share/motion_capture_tracking//config
[0.319s] -- Up-to-date: /home/dlee/ros2_ws/src/sar_experiment/install/motion_capture_tracking/share/motion_capture_tracking//config/cfg.yaml
[0.319s] -- Up-to-date: /home/dlee/ros2_ws/src/sar_experiment/install/motion_capture_tracking/share/motion_capture_tracking//config/rviz.rviz
[0.319s] -- Up-to-date: /home/dlee/ros2_ws/src/sar_experiment/install/motion_capture_tracking/share/ament_index/resource_index/package_run_dependencies/motion_capture_tracking
[0.320s] -- Up-to-date: /home/dlee/ros2_ws/src/sar_experiment/install/motion_capture_tracking/share/ament_index/resource_index/parent_prefix_path/motion_capture_tracking
[0.320s] -- Up-to-date: /home/dlee/ros2_ws/src/sar_experiment/install/motion_capture_tracking/share/motion_capture_tracking/environment/ament_prefix_path.sh
[0.320s] -- Up-to-date: /home/dlee/ros2_ws/src/sar_experiment/install/motion_capture_tracking/share/motion_capture_tracking/environment/ament_prefix_path.dsv
[0.320s] -- Up-to-date: /home/dlee/ros2_ws/src/sar_experiment/install/motion_capture_tracking/share/motion_capture_tracking/environment/path.sh
[0.320s] -- Up-to-date: /home/dlee/ros2_ws/src/sar_experiment/install/motion_capture_tracking/share/motion_capture_tracking/environment/path.dsv
[0.320s] -- Up-to-date: /home/dlee/ros2_ws/src/sar_experiment/install/motion_capture_tracking/share/motion_capture_tracking/local_setup.bash
[0.320s] -- Up-to-date: /home/dlee/ros2_ws/src/sar_experiment/install/motion_capture_tracking/share/motion_capture_tracking/local_setup.sh
[0.320s] -- Up-to-date: /home/dlee/ros2_ws/src/sar_experiment/install/motion_capture_tracking/share/motion_capture_tracking/local_setup.zsh
[0.320s] -- Up-to-date: /home/dlee/ros2_ws/src/sar_experiment/install/motion_capture_tracking/share/motion_capture_tracking/local_setup.dsv
[0.320s] -- Installing: /home/dlee/ros2_ws/src/sar_experiment/install/motion_capture_tracking/share/motion_capture_tracking/package.dsv
[0.320s] -- Up-to-date: /home/dlee/ros2_ws/src/sar_experiment/install/motion_capture_tracking/share/ament_index/resource_index/packages/motion_capture_tracking
[0.320s] -- Up-to-date: /home/dlee/ros2_ws/src/sar_experiment/install/motion_capture_tracking/share/motion_capture_tracking/cmake/motion_capture_trackingConfig.cmake
[0.320s] -- Up-to-date: /home/dlee/ros2_ws/src/sar_experiment/install/motion_capture_tracking/share/motion_capture_tracking/cmake/motion_capture_trackingConfig-version.cmake
[0.320s] -- Up-to-date: /home/dlee/ros2_ws/src/sar_experiment/install/motion_capture_tracking/share/motion_capture_tracking/package.xml
[0.322s] Invoked command in '/home/dlee/ros2_ws/src/sar_experiment/build/motion_capture_tracking' returned '0': AMENT_PREFIX_PATH=/home/dlee/ros2_ws/src/sar_experiment/install/motion_capture_tracking_interfaces:${AMENT_PREFIX_PATH} CMAKE_PREFIX_PATH=/home/dlee/ros2_ws/src/sar_experiment/install/motion_capture_tracking_interfaces:/home/dlee/ros2_ws/install/sar_projects:/home/dlee/ros2_ws/install/sar_gazebo:/home/dlee/ros2_ws/install/sar_control:/home/dlee/ros2_ws/install/sar_msgs:/home/dlee/ros2_ws/install/sar_logging_exp:/home/dlee/ros2_ws/install/sar_logging:/home/dlee/ros2_ws/install/sar_launch:/home/dlee/ros2_ws/install/sar_general:/home/dlee/ros2_ws/install/sar_env_exp:/home/dlee/ros2_ws/install/sar_env:/home/dlee/ros2_ws/install/sar_data_converter:/home/dlee/ros2_ws/install/sar_config:/home/dlee/ros2_ws/install/my_ignition_plugin:/home/dlee/ros2_ws/install/motion_capture_tracking:/home/dlee/ros2_ws/install/crazyflie:/home/dlee/ros2_ws/install/motion_capture_tracking_interfaces:/home/dlee/ros2_ws/install/crazyflie_sim:/home/dlee/ros2_ws/install/crazyflie_examples:/home/dlee/ros2_ws/install/crazyflie_interfaces:/home/dlee/ros2_ws/install/crazyflie_py:/opt/ros/humble LD_LIBRARY_PATH=/home/dlee/ros2_ws/src/sar_experiment/install/motion_capture_tracking_interfaces/lib:${LD_LIBRARY_PATH} PYTHONPATH=/home/dlee/ros2_ws/src/sar_experiment/install/motion_capture_tracking_interfaces/local/lib/python3.10/dist-packages:${PYTHONPATH} /usr/bin/cmake --install /home/dlee/ros2_ws/src/sar_experiment/build/motion_capture_tracking
