[0.954s] Invoking command in '/home/dlee/ros2_ws/src/sar_experiment/crazyswarm2/crazyflie_py': AMENT_PREFIX_PATH=/home/dlee/ros2_ws/src/sar_experiment/install/crazyflie_interfaces:${AMENT_PREFIX_PATH} CMAKE_PREFIX_PATH=/home/dlee/ros2_ws/src/sar_experiment/install/crazyflie_interfaces:${CMAKE_PREFIX_PATH} LD_LIBRARY_PATH=/home/dlee/ros2_ws/src/sar_experiment/install/crazyflie_interfaces/lib:${LD_LIBRARY_PATH} PYTHONPATH=/home/dlee/ros2_ws/src/sar_experiment/build/crazyflie_py/prefix_override:/usr/lib/python3/dist-packages/colcon_core/task/python/colcon_distutils_commands:/home/dlee/ros2_ws/src/sar_experiment/install/crazyflie_py/lib/python3.10/site-packages:/home/dlee/ros2_ws/src/sar_experiment/install/crazyflie_interfaces/local/lib/python3.10/dist-packages:${PYTHONPATH} /usr/bin/python3 -W ignore:setup.py install is deprecated -W ignore:easy_install command is deprecated setup.py egg_info --egg-base ../../build/crazyflie_py build --build-base /home/dlee/ros2_ws/src/sar_experiment/build/crazyflie_py/build install --record /home/dlee/ros2_ws/src/sar_experiment/build/crazyflie_py/install.log --single-version-externally-managed install_data
[1.396s] running egg_info
[1.396s] creating ../../build/crazyflie_py/crazyflie_py.egg-info
[1.396s] writing ../../build/crazyflie_py/crazyflie_py.egg-info/PKG-INFO
[1.397s] writing dependency_links to ../../build/crazyflie_py/crazyflie_py.egg-info/dependency_links.txt
[1.397s] writing entry points to ../../build/crazyflie_py/crazyflie_py.egg-info/entry_points.txt
[1.397s] writing requirements to ../../build/crazyflie_py/crazyflie_py.egg-info/requires.txt
[1.397s] writing top-level names to ../../build/crazyflie_py/crazyflie_py.egg-info/top_level.txt
[1.397s] writing manifest file '../../build/crazyflie_py/crazyflie_py.egg-info/SOURCES.txt'
[1.427s] reading manifest file '../../build/crazyflie_py/crazyflie_py.egg-info/SOURCES.txt'
[1.428s] writing manifest file '../../build/crazyflie_py/crazyflie_py.egg-info/SOURCES.txt'
[1.428s] running build
[1.428s] running build_py
[1.429s] creating /home/dlee/ros2_ws/src/sar_experiment/build/crazyflie_py/build
[1.429s] creating /home/dlee/ros2_ws/src/sar_experiment/build/crazyflie_py/build/lib
[1.429s] creating /home/dlee/ros2_ws/src/sar_experiment/build/crazyflie_py/build/lib/crazyflie_py
[1.429s] copying crazyflie_py/keyboard.py -> /home/dlee/ros2_ws/src/sar_experiment/build/crazyflie_py/build/lib/crazyflie_py
[1.429s] copying crazyflie_py/util.py -> /home/dlee/ros2_ws/src/sar_experiment/build/crazyflie_py/build/lib/crazyflie_py
[1.429s] copying crazyflie_py/joystick.py -> /home/dlee/ros2_ws/src/sar_experiment/build/crazyflie_py/build/lib/crazyflie_py
[1.429s] copying crazyflie_py/genericJoystick.py -> /home/dlee/ros2_ws/src/sar_experiment/build/crazyflie_py/build/lib/crazyflie_py
[1.429s] copying crazyflie_py/uav_trajectory.py -> /home/dlee/ros2_ws/src/sar_experiment/build/crazyflie_py/build/lib/crazyflie_py
[1.429s] copying crazyflie_py/crazyflie.py -> /home/dlee/ros2_ws/src/sar_experiment/build/crazyflie_py/build/lib/crazyflie_py
[1.430s] copying crazyflie_py/__init__.py -> /home/dlee/ros2_ws/src/sar_experiment/build/crazyflie_py/build/lib/crazyflie_py
[1.430s] copying crazyflie_py/linuxjsdev.py -> /home/dlee/ros2_ws/src/sar_experiment/build/crazyflie_py/build/lib/crazyflie_py
[1.430s] copying crazyflie_py/crazyswarm_py.py -> /home/dlee/ros2_ws/src/sar_experiment/build/crazyflie_py/build/lib/crazyflie_py
[1.430s] running install
[1.431s] running install_lib
[1.432s] creating /home/dlee/ros2_ws/src/sar_experiment/install/crazyflie_py/lib/python3.10/site-packages/crazyflie_py
[1.433s] copying /home/dlee/ros2_ws/src/sar_experiment/build/crazyflie_py/build/lib/crazyflie_py/keyboard.py -> /home/dlee/ros2_ws/src/sar_experiment/install/crazyflie_py/lib/python3.10/site-packages/crazyflie_py
[1.433s] copying /home/dlee/ros2_ws/src/sar_experiment/build/crazyflie_py/build/lib/crazyflie_py/util.py -> /home/dlee/ros2_ws/src/sar_experiment/install/crazyflie_py/lib/python3.10/site-packages/crazyflie_py
[1.433s] copying /home/dlee/ros2_ws/src/sar_experiment/build/crazyflie_py/build/lib/crazyflie_py/joystick.py -> /home/dlee/ros2_ws/src/sar_experiment/install/crazyflie_py/lib/python3.10/site-packages/crazyflie_py
[1.433s] copying /home/dlee/ros2_ws/src/sar_experiment/build/crazyflie_py/build/lib/crazyflie_py/genericJoystick.py -> /home/dlee/ros2_ws/src/sar_experiment/install/crazyflie_py/lib/python3.10/site-packages/crazyflie_py
[1.433s] copying /home/dlee/ros2_ws/src/sar_experiment/build/crazyflie_py/build/lib/crazyflie_py/uav_trajectory.py -> /home/dlee/ros2_ws/src/sar_experiment/install/crazyflie_py/lib/python3.10/site-packages/crazyflie_py
[1.433s] copying /home/dlee/ros2_ws/src/sar_experiment/build/crazyflie_py/build/lib/crazyflie_py/crazyflie.py -> /home/dlee/ros2_ws/src/sar_experiment/install/crazyflie_py/lib/python3.10/site-packages/crazyflie_py
[1.433s] copying /home/dlee/ros2_ws/src/sar_experiment/build/crazyflie_py/build/lib/crazyflie_py/__init__.py -> /home/dlee/ros2_ws/src/sar_experiment/install/crazyflie_py/lib/python3.10/site-packages/crazyflie_py
[1.433s] copying /home/dlee/ros2_ws/src/sar_experiment/build/crazyflie_py/build/lib/crazyflie_py/linuxjsdev.py -> /home/dlee/ros2_ws/src/sar_experiment/install/crazyflie_py/lib/python3.10/site-packages/crazyflie_py
[1.434s] copying /home/dlee/ros2_ws/src/sar_experiment/build/crazyflie_py/build/lib/crazyflie_py/crazyswarm_py.py -> /home/dlee/ros2_ws/src/sar_experiment/install/crazyflie_py/lib/python3.10/site-packages/crazyflie_py
[1.434s] byte-compiling /home/dlee/ros2_ws/src/sar_experiment/install/crazyflie_py/lib/python3.10/site-packages/crazyflie_py/keyboard.py to keyboard.cpython-310.pyc
[1.434s] byte-compiling /home/dlee/ros2_ws/src/sar_experiment/install/crazyflie_py/lib/python3.10/site-packages/crazyflie_py/util.py to util.cpython-310.pyc
[1.434s] byte-compiling /home/dlee/ros2_ws/src/sar_experiment/install/crazyflie_py/lib/python3.10/site-packages/crazyflie_py/joystick.py to joystick.cpython-310.pyc
[1.435s] byte-compiling /home/dlee/ros2_ws/src/sar_experiment/install/crazyflie_py/lib/python3.10/site-packages/crazyflie_py/genericJoystick.py to genericJoystick.cpython-310.pyc
[1.435s] byte-compiling /home/dlee/ros2_ws/src/sar_experiment/install/crazyflie_py/lib/python3.10/site-packages/crazyflie_py/uav_trajectory.py to uav_trajectory.cpython-310.pyc
[1.437s] byte-compiling /home/dlee/ros2_ws/src/sar_experiment/install/crazyflie_py/lib/python3.10/site-packages/crazyflie_py/crazyflie.py to crazyflie.cpython-310.pyc
[1.441s] byte-compiling /home/dlee/ros2_ws/src/sar_experiment/install/crazyflie_py/lib/python3.10/site-packages/crazyflie_py/__init__.py to __init__.cpython-310.pyc
[1.441s] byte-compiling /home/dlee/ros2_ws/src/sar_experiment/install/crazyflie_py/lib/python3.10/site-packages/crazyflie_py/linuxjsdev.py to linuxjsdev.cpython-310.pyc
[1.442s] byte-compiling /home/dlee/ros2_ws/src/sar_experiment/install/crazyflie_py/lib/python3.10/site-packages/crazyflie_py/crazyswarm_py.py to crazyswarm_py.cpython-310.pyc
[1.442s] running install_data
[1.442s] creating /home/dlee/ros2_ws/src/sar_experiment/install/crazyflie_py/share/ament_index
[1.443s] creating /home/dlee/ros2_ws/src/sar_experiment/install/crazyflie_py/share/ament_index/resource_index
[1.443s] creating /home/dlee/ros2_ws/src/sar_experiment/install/crazyflie_py/share/ament_index/resource_index/packages
[1.443s] copying resource/crazyflie_py -> /home/dlee/ros2_ws/src/sar_experiment/install/crazyflie_py/share/ament_index/resource_index/packages
[1.443s] copying package.xml -> /home/dlee/ros2_ws/src/sar_experiment/install/crazyflie_py/share/crazyflie_py
[1.443s] running install_egg_info
[1.445s] Copying ../../build/crazyflie_py/crazyflie_py.egg-info to /home/dlee/ros2_ws/src/sar_experiment/install/crazyflie_py/lib/python3.10/site-packages/crazyflie_py-2.0.0-py3.10.egg-info
[1.445s] running install_scripts
[1.464s] writing list of installed files to '/home/dlee/ros2_ws/src/sar_experiment/build/crazyflie_py/install.log'
[1.499s] Invoked command in '/home/dlee/ros2_ws/src/sar_experiment/crazyswarm2/crazyflie_py' returned '0': AMENT_PREFIX_PATH=/home/dlee/ros2_ws/src/sar_experiment/install/crazyflie_interfaces:${AMENT_PREFIX_PATH} CMAKE_PREFIX_PATH=/home/dlee/ros2_ws/src/sar_experiment/install/crazyflie_interfaces:${CMAKE_PREFIX_PATH} LD_LIBRARY_PATH=/home/dlee/ros2_ws/src/sar_experiment/install/crazyflie_interfaces/lib:${LD_LIBRARY_PATH} PYTHONPATH=/home/dlee/ros2_ws/src/sar_experiment/build/crazyflie_py/prefix_override:/usr/lib/python3/dist-packages/colcon_core/task/python/colcon_distutils_commands:/home/dlee/ros2_ws/src/sar_experiment/install/crazyflie_py/lib/python3.10/site-packages:/home/dlee/ros2_ws/src/sar_experiment/install/crazyflie_interfaces/local/lib/python3.10/dist-packages:${PYTHONPATH} /usr/bin/python3 -W ignore:setup.py install is deprecated -W ignore:easy_install command is deprecated setup.py egg_info --egg-base ../../build/crazyflie_py build --build-base /home/dlee/ros2_ws/src/sar_experiment/build/crazyflie_py/build install --record /home/dlee/ros2_ws/src/sar_experiment/build/crazyflie_py/install.log --single-version-externally-managed install_data
