[0.017s] Invoking command in '/home/dlee/ros2_ws/src/sar_experiment/build/sar_env_exp': CMAKE_PREFIX_PATH=${CMAKE_PREFIX_PATH}:/home/dlee/ros2_ws/install/crazyflie_py:/opt/ros/humble /usr/bin/cmake --build /home/dlee/ros2_ws/src/sar_experiment/build/sar_env_exp -- -j24 -l24
[0.068s] Invoked command in '/home/dlee/ros2_ws/src/sar_experiment/build/sar_env_exp' returned '0': CMAKE_PREFIX_PATH=${CMAKE_PREFIX_PATH}:/home/dlee/ros2_ws/install/crazyflie_py:/opt/ros/humble /usr/bin/cmake --build /home/dlee/ros2_ws/src/sar_experiment/build/sar_env_exp -- -j24 -l24
[0.069s] Invoking command in '/home/dlee/ros2_ws/src/sar_experiment/build/sar_env_exp': CMAKE_PREFIX_PATH=${CMAKE_PREFIX_PATH}:/home/dlee/ros2_ws/install/crazyflie_py:/opt/ros/humble /usr/bin/cmake --install /home/dlee/ros2_ws/src/sar_experiment/build/sar_env_exp
[0.078s] -- Install configuration: ""
[0.078s] -- Up-to-date: /home/dlee/ros2_ws/src/sar_experiment/install/sar_env_exp/share/ament_index/resource_index/package_run_dependencies/sar_env_exp
[0.078s] -- Up-to-date: /home/dlee/ros2_ws/src/sar_experiment/install/sar_env_exp/share/ament_index/resource_index/parent_prefix_path/sar_env_exp
[0.078s] -- Up-to-date: /home/dlee/ros2_ws/src/sar_experiment/install/sar_env_exp/share/sar_env_exp/environment/ament_prefix_path.sh
[0.078s] -- Up-to-date: /home/dlee/ros2_ws/src/sar_experiment/install/sar_env_exp/share/sar_env_exp/environment/ament_prefix_path.dsv
[0.078s] -- Up-to-date: /home/dlee/ros2_ws/src/sar_experiment/install/sar_env_exp/share/sar_env_exp/environment/path.sh
[0.078s] -- Up-to-date: /home/dlee/ros2_ws/src/sar_experiment/install/sar_env_exp/share/sar_env_exp/environment/path.dsv
[0.079s] -- Up-to-date: /home/dlee/ros2_ws/src/sar_experiment/install/sar_env_exp/share/sar_env_exp/local_setup.bash
[0.079s] -- Up-to-date: /home/dlee/ros2_ws/src/sar_experiment/install/sar_env_exp/share/sar_env_exp/local_setup.sh
[0.079s] -- Up-to-date: /home/dlee/ros2_ws/src/sar_experiment/install/sar_env_exp/share/sar_env_exp/local_setup.zsh
[0.079s] -- Up-to-date: /home/dlee/ros2_ws/src/sar_experiment/install/sar_env_exp/share/sar_env_exp/local_setup.dsv
[0.079s] -- Up-to-date: /home/dlee/ros2_ws/src/sar_experiment/install/sar_env_exp/share/sar_env_exp/package.dsv
[0.079s] -- Up-to-date: /home/dlee/ros2_ws/src/sar_experiment/install/sar_env_exp/share/ament_index/resource_index/packages/sar_env_exp
[0.079s] -- Up-to-date: /home/dlee/ros2_ws/src/sar_experiment/install/sar_env_exp/share/sar_env_exp/cmake/sar_env_expConfig.cmake
[0.079s] -- Up-to-date: /home/dlee/ros2_ws/src/sar_experiment/install/sar_env_exp/share/sar_env_exp/cmake/sar_env_expConfig-version.cmake
[0.079s] -- Up-to-date: /home/dlee/ros2_ws/src/sar_experiment/install/sar_env_exp/share/sar_env_exp/package.xml
[0.100s] Invoked command in '/home/dlee/ros2_ws/src/sar_experiment/build/sar_env_exp' returned '0': CMAKE_PREFIX_PATH=${CMAKE_PREFIX_PATH}:/home/dlee/ros2_ws/install/crazyflie_py:/opt/ros/humble /usr/bin/cmake --install /home/dlee/ros2_ws/src/sar_experiment/build/sar_env_exp
