[0.015s] Invoking command in '/home/dlee/ros2_ws/src/sar_experiment/build/sar_logging_exp': CMAKE_PREFIX_PATH=${CMAKE_PREFIX_PATH}:/home/dlee/ros2_ws/install/crazyflie_py:/opt/ros/humble /usr/bin/cmake --build /home/dlee/ros2_ws/src/sar_experiment/build/sar_logging_exp -- -j24 -l24
[0.054s] Invoked command in '/home/dlee/ros2_ws/src/sar_experiment/build/sar_logging_exp' returned '0': CMAKE_PREFIX_PATH=${CMAKE_PREFIX_PATH}:/home/dlee/ros2_ws/install/crazyflie_py:/opt/ros/humble /usr/bin/cmake --build /home/dlee/ros2_ws/src/sar_experiment/build/sar_logging_exp -- -j24 -l24
[0.063s] Invoking command in '/home/dlee/ros2_ws/src/sar_experiment/build/sar_logging_exp': CMAKE_PREFIX_PATH=${CMAKE_PREFIX_PATH}:/home/dlee/ros2_ws/install/crazyflie_py:/opt/ros/humble /usr/bin/cmake --install /home/dlee/ros2_ws/src/sar_experiment/build/sar_logging_exp
[0.070s] -- Install configuration: ""
[0.071s] -- Up-to-date: /home/dlee/ros2_ws/src/sar_experiment/install/sar_logging_exp/share/ament_index/resource_index/package_run_dependencies/sar_logging_exp
[0.071s] -- Up-to-date: /home/dlee/ros2_ws/src/sar_experiment/install/sar_logging_exp/share/ament_index/resource_index/parent_prefix_path/sar_logging_exp
[0.071s] -- Up-to-date: /home/dlee/ros2_ws/src/sar_experiment/install/sar_logging_exp/share/sar_logging_exp/environment/ament_prefix_path.sh
[0.071s] -- Up-to-date: /home/dlee/ros2_ws/src/sar_experiment/install/sar_logging_exp/share/sar_logging_exp/environment/ament_prefix_path.dsv
[0.071s] -- Up-to-date: /home/dlee/ros2_ws/src/sar_experiment/install/sar_logging_exp/share/sar_logging_exp/environment/path.sh
[0.071s] -- Up-to-date: /home/dlee/ros2_ws/src/sar_experiment/install/sar_logging_exp/share/sar_logging_exp/environment/path.dsv
[0.071s] -- Up-to-date: /home/dlee/ros2_ws/src/sar_experiment/install/sar_logging_exp/share/sar_logging_exp/local_setup.bash
[0.071s] -- Up-to-date: /home/dlee/ros2_ws/src/sar_experiment/install/sar_logging_exp/share/sar_logging_exp/local_setup.sh
[0.071s] -- Up-to-date: /home/dlee/ros2_ws/src/sar_experiment/install/sar_logging_exp/share/sar_logging_exp/local_setup.zsh
[0.071s] -- Up-to-date: /home/dlee/ros2_ws/src/sar_experiment/install/sar_logging_exp/share/sar_logging_exp/local_setup.dsv
[0.071s] -- Up-to-date: /home/dlee/ros2_ws/src/sar_experiment/install/sar_logging_exp/share/sar_logging_exp/package.dsv
[0.071s] -- Up-to-date: /home/dlee/ros2_ws/src/sar_experiment/install/sar_logging_exp/share/ament_index/resource_index/packages/sar_logging_exp
[0.071s] -- Up-to-date: /home/dlee/ros2_ws/src/sar_experiment/install/sar_logging_exp/share/sar_logging_exp/cmake/sar_logging_expConfig.cmake
[0.072s] -- Up-to-date: /home/dlee/ros2_ws/src/sar_experiment/install/sar_logging_exp/share/sar_logging_exp/cmake/sar_logging_expConfig-version.cmake
[0.072s] -- Up-to-date: /home/dlee/ros2_ws/src/sar_experiment/install/sar_logging_exp/share/sar_logging_exp/package.xml
[0.074s] Invoked command in '/home/dlee/ros2_ws/src/sar_experiment/build/sar_logging_exp' returned '0': CMAKE_PREFIX_PATH=${CMAKE_PREFIX_PATH}:/home/dlee/ros2_ws/install/crazyflie_py:/opt/ros/humble /usr/bin/cmake --install /home/dlee/ros2_ws/src/sar_experiment/build/sar_logging_exp
