[0.016s] Invoking command in '/home/dlee/ros2_ws/src/sar_experiment/build/crazyflie_examples': AMENT_PREFIX_PATH=/home/dlee/ros2_ws/src/sar_experiment/install/crazyflie_py:/home/dlee/ros2_ws/src/sar_experiment/install/crazyflie_interfaces:${AMENT_PREFIX_PATH} CMAKE_PREFIX_PATH=/home/dlee/ros2_ws/src/sar_experiment/install/crazyflie_interfaces:/home/dlee/ros2_ws/install/sar_projects:/home/dlee/ros2_ws/install/sar_gazebo:/home/dlee/ros2_ws/install/sar_control:/home/dlee/ros2_ws/install/sar_msgs:/home/dlee/ros2_ws/install/sar_logging_exp:/home/dlee/ros2_ws/install/sar_logging:/home/dlee/ros2_ws/install/sar_launch:/home/dlee/ros2_ws/install/sar_general:/home/dlee/ros2_ws/install/sar_env_exp:/home/dlee/ros2_ws/install/sar_env:/home/dlee/ros2_ws/install/sar_data_converter:/home/dlee/ros2_ws/install/sar_config:/home/dlee/ros2_ws/install/my_ignition_plugin:/home/dlee/ros2_ws/install/motion_capture_tracking:/home/dlee/ros2_ws/install/crazyflie:/home/dlee/ros2_ws/install/motion_capture_tracking_interfaces:/home/dlee/ros2_ws/install/crazyflie_sim:/home/dlee/ros2_ws/install/crazyflie_examples:/home/dlee/ros2_ws/install/crazyflie_interfaces:/home/dlee/ros2_ws/install/crazyflie_py:/opt/ros/humble LD_LIBRARY_PATH=/home/dlee/ros2_ws/src/sar_experiment/install/crazyflie_interfaces/lib:${LD_LIBRARY_PATH} PYTHONPATH=/home/dlee/ros2_ws/src/sar_experiment/install/crazyflie_py/lib/python3.10/site-packages:/home/dlee/ros2_ws/src/sar_experiment/install/crazyflie_interfaces/local/lib/python3.10/dist-packages:${PYTHONPATH} /usr/bin/cmake --build /home/dlee/ros2_ws/src/sar_experiment/build/crazyflie_examples -- -j24 -l24
[0.075s] Built target ament_cmake_python_copy_crazyflie_examples_setup
[0.078s] Built target ament_cmake_python_copy_crazyflie_examples
[0.324s] running egg_info
[0.325s] writing crazyflie_examples.egg-info/PKG-INFO
[0.325s] running install_scripts
[0.325s] writing dependency_links to crazyflie_examples.egg-info/dependency_links.txt
[0.325s] writing entry points to crazyflie_examples.egg-info/entry_points.txt
[0.325s] writing top-level names to crazyflie_examples.egg-info/top_level.txt
[0.344s] running egg_info
[0.345s] writing crazyflie_examples.egg-info/PKG-INFO
[0.345s] writing dependency_links to crazyflie_examples.egg-info/dependency_links.txt
[0.345s] writing entry points to crazyflie_examples.egg-info/entry_points.txt
[0.345s] writing top-level names to crazyflie_examples.egg-info/top_level.txt
[0.352s] reading manifest file 'crazyflie_examples.egg-info/SOURCES.txt'
[0.352s] writing manifest file 'crazyflie_examples.egg-info/SOURCES.txt'
[0.370s] reading manifest file 'crazyflie_examples.egg-info/SOURCES.txt'
[0.371s] writing manifest file 'crazyflie_examples.egg-info/SOURCES.txt'
[0.372s] Installing arming script to scripts
[0.372s] Installing cmd_full_state script to scripts
[0.372s] Installing figure8 script to scripts
[0.372s] Installing group_mask script to scripts
[0.372s] Installing hello_world script to scripts
[0.372s] Installing infinite_flight script to scripts
[0.372s] Installing multi_trajectory script to scripts
[0.373s] Installing nice_hover script to scripts
[0.373s] Installing set_param script to scripts
[0.373s] Installing swap script to scripts
[0.377s] Built target ament_cmake_python_build_crazyflie_examples_egg
[0.400s] Built target ament_cmake_python_build_crazyflie_examples_scripts
[0.413s] Invoked command in '/home/dlee/ros2_ws/src/sar_experiment/build/crazyflie_examples' returned '0': AMENT_PREFIX_PATH=/home/dlee/ros2_ws/src/sar_experiment/install/crazyflie_py:/home/dlee/ros2_ws/src/sar_experiment/install/crazyflie_interfaces:${AMENT_PREFIX_PATH} CMAKE_PREFIX_PATH=/home/dlee/ros2_ws/src/sar_experiment/install/crazyflie_interfaces:/home/dlee/ros2_ws/install/sar_projects:/home/dlee/ros2_ws/install/sar_gazebo:/home/dlee/ros2_ws/install/sar_control:/home/dlee/ros2_ws/install/sar_msgs:/home/dlee/ros2_ws/install/sar_logging_exp:/home/dlee/ros2_ws/install/sar_logging:/home/dlee/ros2_ws/install/sar_launch:/home/dlee/ros2_ws/install/sar_general:/home/dlee/ros2_ws/install/sar_env_exp:/home/dlee/ros2_ws/install/sar_env:/home/dlee/ros2_ws/install/sar_data_converter:/home/dlee/ros2_ws/install/sar_config:/home/dlee/ros2_ws/install/my_ignition_plugin:/home/dlee/ros2_ws/install/motion_capture_tracking:/home/dlee/ros2_ws/install/crazyflie:/home/dlee/ros2_ws/install/motion_capture_tracking_interfaces:/home/dlee/ros2_ws/install/crazyflie_sim:/home/dlee/ros2_ws/install/crazyflie_examples:/home/dlee/ros2_ws/install/crazyflie_interfaces:/home/dlee/ros2_ws/install/crazyflie_py:/opt/ros/humble LD_LIBRARY_PATH=/home/dlee/ros2_ws/src/sar_experiment/install/crazyflie_interfaces/lib:${LD_LIBRARY_PATH} PYTHONPATH=/home/dlee/ros2_ws/src/sar_experiment/install/crazyflie_py/lib/python3.10/site-packages:/home/dlee/ros2_ws/src/sar_experiment/install/crazyflie_interfaces/local/lib/python3.10/dist-packages:${PYTHONPATH} /usr/bin/cmake --build /home/dlee/ros2_ws/src/sar_experiment/build/crazyflie_examples -- -j24 -l24
[0.415s] Invoking command in '/home/dlee/ros2_ws/src/sar_experiment/build/crazyflie_examples': AMENT_PREFIX_PATH=/home/dlee/ros2_ws/src/sar_experiment/install/crazyflie_py:/home/dlee/ros2_ws/src/sar_experiment/install/crazyflie_interfaces:${AMENT_PREFIX_PATH} CMAKE_PREFIX_PATH=/home/dlee/ros2_ws/src/sar_experiment/install/crazyflie_interfaces:/home/dlee/ros2_ws/install/sar_projects:/home/dlee/ros2_ws/install/sar_gazebo:/home/dlee/ros2_ws/install/sar_control:/home/dlee/ros2_ws/install/sar_msgs:/home/dlee/ros2_ws/install/sar_logging_exp:/home/dlee/ros2_ws/install/sar_logging:/home/dlee/ros2_ws/install/sar_launch:/home/dlee/ros2_ws/install/sar_general:/home/dlee/ros2_ws/install/sar_env_exp:/home/dlee/ros2_ws/install/sar_env:/home/dlee/ros2_ws/install/sar_data_converter:/home/dlee/ros2_ws/install/sar_config:/home/dlee/ros2_ws/install/my_ignition_plugin:/home/dlee/ros2_ws/install/motion_capture_tracking:/home/dlee/ros2_ws/install/crazyflie:/home/dlee/ros2_ws/install/motion_capture_tracking_interfaces:/home/dlee/ros2_ws/install/crazyflie_sim:/home/dlee/ros2_ws/install/crazyflie_examples:/home/dlee/ros2_ws/install/crazyflie_interfaces:/home/dlee/ros2_ws/install/crazyflie_py:/opt/ros/humble LD_LIBRARY_PATH=/home/dlee/ros2_ws/src/sar_experiment/install/crazyflie_interfaces/lib:${LD_LIBRARY_PATH} PYTHONPATH=/home/dlee/ros2_ws/src/sar_experiment/install/crazyflie_py/lib/python3.10/site-packages:/home/dlee/ros2_ws/src/sar_experiment/install/crazyflie_interfaces/local/lib/python3.10/dist-packages:${PYTHONPATH} /usr/bin/cmake --install /home/dlee/ros2_ws/src/sar_experiment/build/crazyflie_examples
[0.424s] -- Install configuration: ""
[0.424s] -- Up-to-date: /home/dlee/ros2_ws/src/sar_experiment/install/crazyflie_examples/share/crazyflie_examples/environment/pythonpath.sh
[0.424s] -- Up-to-date: /home/dlee/ros2_ws/src/sar_experiment/install/crazyflie_examples/share/crazyflie_examples/environment/pythonpath.dsv
[0.424s] -- Up-to-date: /home/dlee/ros2_ws/src/sar_experiment/install/crazyflie_examples/local/lib/python3.10/dist-packages/crazyflie_examples-2.0.0-py3.10.egg-info
[0.424s] -- Installing: /home/dlee/ros2_ws/src/sar_experiment/install/crazyflie_examples/local/lib/python3.10/dist-packages/crazyflie_examples-2.0.0-py3.10.egg-info/dependency_links.txt
[0.424s] -- Installing: /home/dlee/ros2_ws/src/sar_experiment/install/crazyflie_examples/local/lib/python3.10/dist-packages/crazyflie_examples-2.0.0-py3.10.egg-info/PKG-INFO
[0.424s] -- Installing: /home/dlee/ros2_ws/src/sar_experiment/install/crazyflie_examples/local/lib/python3.10/dist-packages/crazyflie_examples-2.0.0-py3.10.egg-info/entry_points.txt
[0.424s] -- Installing: /home/dlee/ros2_ws/src/sar_experiment/install/crazyflie_examples/local/lib/python3.10/dist-packages/crazyflie_examples-2.0.0-py3.10.egg-info/SOURCES.txt
[0.424s] -- Installing: /home/dlee/ros2_ws/src/sar_experiment/install/crazyflie_examples/local/lib/python3.10/dist-packages/crazyflie_examples-2.0.0-py3.10.egg-info/top_level.txt
[0.425s] -- Up-to-date: /home/dlee/ros2_ws/src/sar_experiment/install/crazyflie_examples/lib/crazyflie_examples/
[0.425s] -- Installing: /home/dlee/ros2_ws/src/sar_experiment/install/crazyflie_examples/lib/crazyflie_examples//arming
[0.425s] -- Installing: /home/dlee/ros2_ws/src/sar_experiment/install/crazyflie_examples/lib/crazyflie_examples//cmd_full_state
[0.425s] -- Installing: /home/dlee/ros2_ws/src/sar_experiment/install/crazyflie_examples/lib/crazyflie_examples//set_param
[0.425s] -- Installing: /home/dlee/ros2_ws/src/sar_experiment/install/crazyflie_examples/lib/crazyflie_examples//figure8
[0.425s] -- Installing: /home/dlee/ros2_ws/src/sar_experiment/install/crazyflie_examples/lib/crazyflie_examples//nice_hover
[0.425s] -- Installing: /home/dlee/ros2_ws/src/sar_experiment/install/crazyflie_examples/lib/crazyflie_examples//group_mask
[0.425s] -- Installing: /home/dlee/ros2_ws/src/sar_experiment/install/crazyflie_examples/lib/crazyflie_examples//multi_trajectory
[0.426s] -- Installing: /home/dlee/ros2_ws/src/sar_experiment/install/crazyflie_examples/lib/crazyflie_examples//infinite_flight
[0.426s] -- Installing: /home/dlee/ros2_ws/src/sar_experiment/install/crazyflie_examples/lib/crazyflie_examples//swap
[0.426s] -- Installing: /home/dlee/ros2_ws/src/sar_experiment/install/crazyflie_examples/lib/crazyflie_examples//hello_world
[0.426s] -- Up-to-date: /home/dlee/ros2_ws/src/sar_experiment/install/crazyflie_examples/local/lib/python3.10/dist-packages/crazyflie_examples
[0.426s] -- Up-to-date: /home/dlee/ros2_ws/src/sar_experiment/install/crazyflie_examples/local/lib/python3.10/dist-packages/crazyflie_examples/swap.py
[0.426s] -- Up-to-date: /home/dlee/ros2_ws/src/sar_experiment/install/crazyflie_examples/local/lib/python3.10/dist-packages/crazyflie_examples/data
[0.426s] -- Up-to-date: /home/dlee/ros2_ws/src/sar_experiment/install/crazyflie_examples/local/lib/python3.10/dist-packages/crazyflie_examples/data/figure8.csv
[0.426s] -- Up-to-date: /home/dlee/ros2_ws/src/sar_experiment/install/crazyflie_examples/local/lib/python3.10/dist-packages/crazyflie_examples/data/multi_trajectory
[0.427s] -- Up-to-date: /home/dlee/ros2_ws/src/sar_experiment/install/crazyflie_examples/local/lib/python3.10/dist-packages/crazyflie_examples/data/multi_trajectory/traj1.csv
[0.427s] -- Up-to-date: /home/dlee/ros2_ws/src/sar_experiment/install/crazyflie_examples/local/lib/python3.10/dist-packages/crazyflie_examples/data/multi_trajectory/traj0.csv
[0.427s] -- Up-to-date: /home/dlee/ros2_ws/src/sar_experiment/install/crazyflie_examples/local/lib/python3.10/dist-packages/crazyflie_examples/arming.py
[0.427s] -- Up-to-date: /home/dlee/ros2_ws/src/sar_experiment/install/crazyflie_examples/local/lib/python3.10/dist-packages/crazyflie_examples/multi_trajectory.py
[0.427s] -- Up-to-date: /home/dlee/ros2_ws/src/sar_experiment/install/crazyflie_examples/local/lib/python3.10/dist-packages/crazyflie_examples/figure8.py
[0.427s] -- Up-to-date: /home/dlee/ros2_ws/src/sar_experiment/install/crazyflie_examples/local/lib/python3.10/dist-packages/crazyflie_examples/hello_world.py
[0.427s] -- Up-to-date: /home/dlee/ros2_ws/src/sar_experiment/install/crazyflie_examples/local/lib/python3.10/dist-packages/crazyflie_examples/infinite_flight.py
[0.427s] -- Up-to-date: /home/dlee/ros2_ws/src/sar_experiment/install/crazyflie_examples/local/lib/python3.10/dist-packages/crazyflie_examples/group_mask.py
[0.427s] -- Up-to-date: /home/dlee/ros2_ws/src/sar_experiment/install/crazyflie_examples/local/lib/python3.10/dist-packages/crazyflie_examples/nice_hover.py
[0.427s] -- Up-to-date: /home/dlee/ros2_ws/src/sar_experiment/install/crazyflie_examples/local/lib/python3.10/dist-packages/crazyflie_examples/__init__.py
[0.427s] -- Up-to-date: /home/dlee/ros2_ws/src/sar_experiment/install/crazyflie_examples/local/lib/python3.10/dist-packages/crazyflie_examples/set_param.py
[0.427s] -- Up-to-date: /home/dlee/ros2_ws/src/sar_experiment/install/crazyflie_examples/local/lib/python3.10/dist-packages/crazyflie_examples/cmd_full_state.py
[0.457s] Listing '/home/dlee/ros2_ws/src/sar_experiment/install/crazyflie_examples/local/lib/python3.10/dist-packages/crazyflie_examples'...
[0.457s] Listing '/home/dlee/ros2_ws/src/sar_experiment/install/crazyflie_examples/local/lib/python3.10/dist-packages/crazyflie_examples/data'...
[0.457s] Listing '/home/dlee/ros2_ws/src/sar_experiment/install/crazyflie_examples/local/lib/python3.10/dist-packages/crazyflie_examples/data/multi_trajectory'...
[0.460s] -- Up-to-date: /home/dlee/ros2_ws/src/sar_experiment/install/crazyflie_examples/share/crazyflie_examples//config
[0.460s] -- Up-to-date: /home/dlee/ros2_ws/src/sar_experiment/install/crazyflie_examples/share/crazyflie_examples//config/nav2_view.rviz
[0.460s] -- Up-to-date: /home/dlee/ros2_ws/src/sar_experiment/install/crazyflie_examples/share/crazyflie_examples//config/nav2_params.yaml
[0.461s] -- Up-to-date: /home/dlee/ros2_ws/src/sar_experiment/install/crazyflie_examples/share/crazyflie_examples//data
[0.461s] -- Up-to-date: /home/dlee/ros2_ws/src/sar_experiment/install/crazyflie_examples/share/crazyflie_examples//data/map.data
[0.461s] -- Up-to-date: /home/dlee/ros2_ws/src/sar_experiment/install/crazyflie_examples/share/crazyflie_examples//data/map.yaml
[0.461s] -- Up-to-date: /home/dlee/ros2_ws/src/sar_experiment/install/crazyflie_examples/share/crazyflie_examples//data/map.posegraph
[0.461s] -- Up-to-date: /home/dlee/ros2_ws/src/sar_experiment/install/crazyflie_examples/share/crazyflie_examples//data/map.pgm
[0.461s] -- Up-to-date: /home/dlee/ros2_ws/src/sar_experiment/install/crazyflie_examples/share/crazyflie_examples//launch
[0.461s] -- Up-to-date: /home/dlee/ros2_ws/src/sar_experiment/install/crazyflie_examples/share/crazyflie_examples//launch/multiranger_simple_mapper_launch.py
[0.461s] -- Up-to-date: /home/dlee/ros2_ws/src/sar_experiment/install/crazyflie_examples/share/crazyflie_examples//launch/multiranger_mapping_launch.py
[0.461s] -- Up-to-date: /home/dlee/ros2_ws/src/sar_experiment/install/crazyflie_examples/share/crazyflie_examples//launch/keyboard_velmux_launch.py
[0.462s] -- Up-to-date: /home/dlee/ros2_ws/src/sar_experiment/install/crazyflie_examples/share/crazyflie_examples//launch/launch.py
[0.462s] -- Up-to-date: /home/dlee/ros2_ws/src/sar_experiment/install/crazyflie_examples/share/crazyflie_examples//launch/multiranger_nav2_launch.py
[0.462s] -- Up-to-date: /home/dlee/ros2_ws/src/sar_experiment/install/crazyflie_examples/share/ament_index/resource_index/package_run_dependencies/crazyflie_examples
[0.462s] -- Up-to-date: /home/dlee/ros2_ws/src/sar_experiment/install/crazyflie_examples/share/ament_index/resource_index/parent_prefix_path/crazyflie_examples
[0.462s] -- Up-to-date: /home/dlee/ros2_ws/src/sar_experiment/install/crazyflie_examples/share/crazyflie_examples/environment/ament_prefix_path.sh
[0.462s] -- Up-to-date: /home/dlee/ros2_ws/src/sar_experiment/install/crazyflie_examples/share/crazyflie_examples/environment/ament_prefix_path.dsv
[0.462s] -- Up-to-date: /home/dlee/ros2_ws/src/sar_experiment/install/crazyflie_examples/share/crazyflie_examples/environment/path.sh
[0.462s] -- Up-to-date: /home/dlee/ros2_ws/src/sar_experiment/install/crazyflie_examples/share/crazyflie_examples/environment/path.dsv
[0.462s] -- Up-to-date: /home/dlee/ros2_ws/src/sar_experiment/install/crazyflie_examples/share/crazyflie_examples/local_setup.bash
[0.462s] -- Up-to-date: /home/dlee/ros2_ws/src/sar_experiment/install/crazyflie_examples/share/crazyflie_examples/local_setup.sh
[0.462s] -- Up-to-date: /home/dlee/ros2_ws/src/sar_experiment/install/crazyflie_examples/share/crazyflie_examples/local_setup.zsh
[0.462s] -- Up-to-date: /home/dlee/ros2_ws/src/sar_experiment/install/crazyflie_examples/share/crazyflie_examples/local_setup.dsv
[0.462s] -- Up-to-date: /home/dlee/ros2_ws/src/sar_experiment/install/crazyflie_examples/share/crazyflie_examples/package.dsv
[0.462s] -- Up-to-date: /home/dlee/ros2_ws/src/sar_experiment/install/crazyflie_examples/share/ament_index/resource_index/packages/crazyflie_examples
[0.462s] -- Up-to-date: /home/dlee/ros2_ws/src/sar_experiment/install/crazyflie_examples/share/crazyflie_examples/cmake/crazyflie_examplesConfig.cmake
[0.462s] -- Up-to-date: /home/dlee/ros2_ws/src/sar_experiment/install/crazyflie_examples/share/crazyflie_examples/cmake/crazyflie_examplesConfig-version.cmake
[0.462s] -- Up-to-date: /home/dlee/ros2_ws/src/sar_experiment/install/crazyflie_examples/share/crazyflie_examples/package.xml
[0.464s] Invoked command in '/home/dlee/ros2_ws/src/sar_experiment/build/crazyflie_examples' returned '0': AMENT_PREFIX_PATH=/home/dlee/ros2_ws/src/sar_experiment/install/crazyflie_py:/home/dlee/ros2_ws/src/sar_experiment/install/crazyflie_interfaces:${AMENT_PREFIX_PATH} CMAKE_PREFIX_PATH=/home/dlee/ros2_ws/src/sar_experiment/install/crazyflie_interfaces:/home/dlee/ros2_ws/install/sar_projects:/home/dlee/ros2_ws/install/sar_gazebo:/home/dlee/ros2_ws/install/sar_control:/home/dlee/ros2_ws/install/sar_msgs:/home/dlee/ros2_ws/install/sar_logging_exp:/home/dlee/ros2_ws/install/sar_logging:/home/dlee/ros2_ws/install/sar_launch:/home/dlee/ros2_ws/install/sar_general:/home/dlee/ros2_ws/install/sar_env_exp:/home/dlee/ros2_ws/install/sar_env:/home/dlee/ros2_ws/install/sar_data_converter:/home/dlee/ros2_ws/install/sar_config:/home/dlee/ros2_ws/install/my_ignition_plugin:/home/dlee/ros2_ws/install/motion_capture_tracking:/home/dlee/ros2_ws/install/crazyflie:/home/dlee/ros2_ws/install/motion_capture_tracking_interfaces:/home/dlee/ros2_ws/install/crazyflie_sim:/home/dlee/ros2_ws/install/crazyflie_examples:/home/dlee/ros2_ws/install/crazyflie_interfaces:/home/dlee/ros2_ws/install/crazyflie_py:/opt/ros/humble LD_LIBRARY_PATH=/home/dlee/ros2_ws/src/sar_experiment/install/crazyflie_interfaces/lib:${LD_LIBRARY_PATH} PYTHONPATH=/home/dlee/ros2_ws/src/sar_experiment/install/crazyflie_py/lib/python3.10/site-packages:/home/dlee/ros2_ws/src/sar_experiment/install/crazyflie_interfaces/local/lib/python3.10/dist-packages:${PYTHONPATH} /usr/bin/cmake --install /home/dlee/ros2_ws/src/sar_experiment/build/crazyflie_examples
