[0.270s] Invoking command in '/home/dlee/ros2_ws/src/sar_experiment/build/crazyflie_sim': AMENT_PREFIX_PATH=/home/dlee/ros2_ws/src/sar_experiment/install/crazyflie_interfaces:${AMENT_PREFIX_PATH} CMAKE_PREFIX_PATH=/home/dlee/ros2_ws/src/sar_experiment/install/crazyflie_interfaces:/home/dlee/ros2_ws/install/sar_projects:/home/dlee/ros2_ws/install/sar_gazebo:/home/dlee/ros2_ws/install/sar_control:/home/dlee/ros2_ws/install/sar_msgs:/home/dlee/ros2_ws/install/sar_logging_exp:/home/dlee/ros2_ws/install/sar_logging:/home/dlee/ros2_ws/install/sar_launch:/home/dlee/ros2_ws/install/sar_general:/home/dlee/ros2_ws/install/sar_env_exp:/home/dlee/ros2_ws/install/sar_env:/home/dlee/ros2_ws/install/sar_data_converter:/home/dlee/ros2_ws/install/sar_config:/home/dlee/ros2_ws/install/my_ignition_plugin:/home/dlee/ros2_ws/install/motion_capture_tracking:/home/dlee/ros2_ws/install/crazyflie:/home/dlee/ros2_ws/install/motion_capture_tracking_interfaces:/home/dlee/ros2_ws/install/crazyflie_sim:/home/dlee/ros2_ws/install/crazyflie_examples:/home/dlee/ros2_ws/install/crazyflie_interfaces:/home/dlee/ros2_ws/install/crazyflie_py:/opt/ros/humble LD_LIBRARY_PATH=/home/dlee/ros2_ws/src/sar_experiment/install/crazyflie_interfaces/lib:${LD_LIBRARY_PATH} PYTHONPATH=/home/dlee/ros2_ws/src/sar_experiment/install/crazyflie_interfaces/local/lib/python3.10/dist-packages:${PYTHONPATH} /usr/bin/cmake --build /home/dlee/ros2_ws/src/sar_experiment/build/crazyflie_sim -- -j24 -l24
[0.326s] Built target ament_cmake_python_copy_crazyflie_sim_setup
[0.335s] Built target ament_cmake_python_copy_crazyflie_sim
[0.608s] running egg_info
[0.609s] writing crazyflie_sim.egg-info/PKG-INFO
[0.609s] writing dependency_links to crazyflie_sim.egg-info/dependency_links.txt
[0.609s] writing entry points to crazyflie_sim.egg-info/entry_points.txt
[0.609s] writing top-level names to crazyflie_sim.egg-info/top_level.txt
[0.614s] running install_scripts
[0.635s] running egg_info
[0.635s] writing crazyflie_sim.egg-info/PKG-INFO
[0.636s] writing dependency_links to crazyflie_sim.egg-info/dependency_links.txt
[0.636s] writing entry points to crazyflie_sim.egg-info/entry_points.txt
[0.636s] writing top-level names to crazyflie_sim.egg-info/top_level.txt
[0.637s] reading manifest file 'crazyflie_sim.egg-info/SOURCES.txt'
[0.637s] writing manifest file 'crazyflie_sim.egg-info/SOURCES.txt'
[0.663s] Built target ament_cmake_python_build_crazyflie_sim_egg
[0.669s] reading manifest file 'crazyflie_sim.egg-info/SOURCES.txt'
[0.669s] writing manifest file 'crazyflie_sim.egg-info/SOURCES.txt'
[0.670s] Installing crazyflie_server script to scripts
[0.708s] Built target ament_cmake_python_build_crazyflie_sim_scripts
[0.720s] Invoked command in '/home/dlee/ros2_ws/src/sar_experiment/build/crazyflie_sim' returned '0': AMENT_PREFIX_PATH=/home/dlee/ros2_ws/src/sar_experiment/install/crazyflie_interfaces:${AMENT_PREFIX_PATH} CMAKE_PREFIX_PATH=/home/dlee/ros2_ws/src/sar_experiment/install/crazyflie_interfaces:/home/dlee/ros2_ws/install/sar_projects:/home/dlee/ros2_ws/install/sar_gazebo:/home/dlee/ros2_ws/install/sar_control:/home/dlee/ros2_ws/install/sar_msgs:/home/dlee/ros2_ws/install/sar_logging_exp:/home/dlee/ros2_ws/install/sar_logging:/home/dlee/ros2_ws/install/sar_launch:/home/dlee/ros2_ws/install/sar_general:/home/dlee/ros2_ws/install/sar_env_exp:/home/dlee/ros2_ws/install/sar_env:/home/dlee/ros2_ws/install/sar_data_converter:/home/dlee/ros2_ws/install/sar_config:/home/dlee/ros2_ws/install/my_ignition_plugin:/home/dlee/ros2_ws/install/motion_capture_tracking:/home/dlee/ros2_ws/install/crazyflie:/home/dlee/ros2_ws/install/motion_capture_tracking_interfaces:/home/dlee/ros2_ws/install/crazyflie_sim:/home/dlee/ros2_ws/install/crazyflie_examples:/home/dlee/ros2_ws/install/crazyflie_interfaces:/home/dlee/ros2_ws/install/crazyflie_py:/opt/ros/humble LD_LIBRARY_PATH=/home/dlee/ros2_ws/src/sar_experiment/install/crazyflie_interfaces/lib:${LD_LIBRARY_PATH} PYTHONPATH=/home/dlee/ros2_ws/src/sar_experiment/install/crazyflie_interfaces/local/lib/python3.10/dist-packages:${PYTHONPATH} /usr/bin/cmake --build /home/dlee/ros2_ws/src/sar_experiment/build/crazyflie_sim -- -j24 -l24
[0.722s] Invoking command in '/home/dlee/ros2_ws/src/sar_experiment/build/crazyflie_sim': AMENT_PREFIX_PATH=/home/dlee/ros2_ws/src/sar_experiment/install/crazyflie_interfaces:${AMENT_PREFIX_PATH} CMAKE_PREFIX_PATH=/home/dlee/ros2_ws/src/sar_experiment/install/crazyflie_interfaces:/home/dlee/ros2_ws/install/sar_projects:/home/dlee/ros2_ws/install/sar_gazebo:/home/dlee/ros2_ws/install/sar_control:/home/dlee/ros2_ws/install/sar_msgs:/home/dlee/ros2_ws/install/sar_logging_exp:/home/dlee/ros2_ws/install/sar_logging:/home/dlee/ros2_ws/install/sar_launch:/home/dlee/ros2_ws/install/sar_general:/home/dlee/ros2_ws/install/sar_env_exp:/home/dlee/ros2_ws/install/sar_env:/home/dlee/ros2_ws/install/sar_data_converter:/home/dlee/ros2_ws/install/sar_config:/home/dlee/ros2_ws/install/my_ignition_plugin:/home/dlee/ros2_ws/install/motion_capture_tracking:/home/dlee/ros2_ws/install/crazyflie:/home/dlee/ros2_ws/install/motion_capture_tracking_interfaces:/home/dlee/ros2_ws/install/crazyflie_sim:/home/dlee/ros2_ws/install/crazyflie_examples:/home/dlee/ros2_ws/install/crazyflie_interfaces:/home/dlee/ros2_ws/install/crazyflie_py:/opt/ros/humble LD_LIBRARY_PATH=/home/dlee/ros2_ws/src/sar_experiment/install/crazyflie_interfaces/lib:${LD_LIBRARY_PATH} PYTHONPATH=/home/dlee/ros2_ws/src/sar_experiment/install/crazyflie_interfaces/local/lib/python3.10/dist-packages:${PYTHONPATH} /usr/bin/cmake --install /home/dlee/ros2_ws/src/sar_experiment/build/crazyflie_sim
[0.730s] -- Install configuration: ""
[0.730s] -- Up-to-date: /home/dlee/ros2_ws/src/sar_experiment/install/crazyflie_sim/share/crazyflie_sim/environment/pythonpath.sh
[0.730s] -- Up-to-date: /home/dlee/ros2_ws/src/sar_experiment/install/crazyflie_sim/share/crazyflie_sim/environment/pythonpath.dsv
[0.730s] -- Up-to-date: /home/dlee/ros2_ws/src/sar_experiment/install/crazyflie_sim/local/lib/python3.10/dist-packages/crazyflie_sim-2.0.0-py3.10.egg-info
[0.730s] -- Installing: /home/dlee/ros2_ws/src/sar_experiment/install/crazyflie_sim/local/lib/python3.10/dist-packages/crazyflie_sim-2.0.0-py3.10.egg-info/dependency_links.txt
[0.730s] -- Installing: /home/dlee/ros2_ws/src/sar_experiment/install/crazyflie_sim/local/lib/python3.10/dist-packages/crazyflie_sim-2.0.0-py3.10.egg-info/PKG-INFO
[0.730s] -- Installing: /home/dlee/ros2_ws/src/sar_experiment/install/crazyflie_sim/local/lib/python3.10/dist-packages/crazyflie_sim-2.0.0-py3.10.egg-info/entry_points.txt
[0.730s] -- Installing: /home/dlee/ros2_ws/src/sar_experiment/install/crazyflie_sim/local/lib/python3.10/dist-packages/crazyflie_sim-2.0.0-py3.10.egg-info/SOURCES.txt
[0.731s] -- Installing: /home/dlee/ros2_ws/src/sar_experiment/install/crazyflie_sim/local/lib/python3.10/dist-packages/crazyflie_sim-2.0.0-py3.10.egg-info/top_level.txt
[0.731s] -- Up-to-date: /home/dlee/ros2_ws/src/sar_experiment/install/crazyflie_sim/lib/crazyflie_sim/
[0.731s] -- Installing: /home/dlee/ros2_ws/src/sar_experiment/install/crazyflie_sim/lib/crazyflie_sim//crazyflie_server
[0.731s] -- Up-to-date: /home/dlee/ros2_ws/src/sar_experiment/install/crazyflie_sim/local/lib/python3.10/dist-packages/crazyflie_sim
[0.731s] -- Up-to-date: /home/dlee/ros2_ws/src/sar_experiment/install/crazyflie_sim/local/lib/python3.10/dist-packages/crazyflie_sim/visualization
[0.731s] -- Up-to-date: /home/dlee/ros2_ws/src/sar_experiment/install/crazyflie_sim/local/lib/python3.10/dist-packages/crazyflie_sim/visualization/data
[0.731s] -- Up-to-date: /home/dlee/ros2_ws/src/sar_experiment/install/crazyflie_sim/local/lib/python3.10/dist-packages/crazyflie_sim/visualization/data/README.md
[0.731s] -- Up-to-date: /home/dlee/ros2_ws/src/sar_experiment/install/crazyflie_sim/local/lib/python3.10/dist-packages/crazyflie_sim/visualization/data/model
[0.732s] -- Up-to-date: /home/dlee/ros2_ws/src/sar_experiment/install/crazyflie_sim/local/lib/python3.10/dist-packages/crazyflie_sim/visualization/data/model/cf.obj
[0.732s] -- Up-to-date: /home/dlee/ros2_ws/src/sar_experiment/install/crazyflie_sim/local/lib/python3.10/dist-packages/crazyflie_sim/visualization/data/model/cf.mtl
[0.732s] -- Up-to-date: /home/dlee/ros2_ws/src/sar_experiment/install/crazyflie_sim/local/lib/python3.10/dist-packages/crazyflie_sim/visualization/data/env
[0.732s] -- Up-to-date: /home/dlee/ros2_ws/src/sar_experiment/install/crazyflie_sim/local/lib/python3.10/dist-packages/crazyflie_sim/visualization/data/env/env.jpg
[0.732s] -- Up-to-date: /home/dlee/ros2_ws/src/sar_experiment/install/crazyflie_sim/local/lib/python3.10/dist-packages/crazyflie_sim/visualization/data/env/peppermint_powerplant.jpg
[0.732s] -- Up-to-date: /home/dlee/ros2_ws/src/sar_experiment/install/crazyflie_sim/local/lib/python3.10/dist-packages/crazyflie_sim/visualization/data/env/aviation_museum.jpg
[0.732s] -- Up-to-date: /home/dlee/ros2_ws/src/sar_experiment/install/crazyflie_sim/local/lib/python3.10/dist-packages/crazyflie_sim/visualization/data/env/studio_garden.jpg
[0.732s] -- Up-to-date: /home/dlee/ros2_ws/src/sar_experiment/install/crazyflie_sim/local/lib/python3.10/dist-packages/crazyflie_sim/visualization/data/env/lago_disola.jpg
[0.732s] -- Up-to-date: /home/dlee/ros2_ws/src/sar_experiment/install/crazyflie_sim/local/lib/python3.10/dist-packages/crazyflie_sim/visualization/data/env/machine_shop.jpg
[0.733s] -- Up-to-date: /home/dlee/ros2_ws/src/sar_experiment/install/crazyflie_sim/local/lib/python3.10/dist-packages/crazyflie_sim/visualization/data/env/museumplein.jpg
[0.733s] -- Up-to-date: /home/dlee/ros2_ws/src/sar_experiment/install/crazyflie_sim/local/lib/python3.10/dist-packages/crazyflie_sim/visualization/data/env/abandoned_greenhouse.jpg
[0.733s] -- Up-to-date: /home/dlee/ros2_ws/src/sar_experiment/install/crazyflie_sim/local/lib/python3.10/dist-packages/crazyflie_sim/visualization/data/env/lake_pier.jpg
[0.733s] -- Up-to-date: /home/dlee/ros2_ws/src/sar_experiment/install/crazyflie_sim/local/lib/python3.10/dist-packages/crazyflie_sim/visualization/data/env/aerodynamics_workshop.jpg
[0.733s] -- Up-to-date: /home/dlee/ros2_ws/src/sar_experiment/install/crazyflie_sim/local/lib/python3.10/dist-packages/crazyflie_sim/visualization/data/env/derelict_overpass.jpg
[0.733s] -- Up-to-date: /home/dlee/ros2_ws/src/sar_experiment/install/crazyflie_sim/local/lib/python3.10/dist-packages/crazyflie_sim/visualization/data/env/crosswalk.jpg
[0.733s] -- Up-to-date: /home/dlee/ros2_ws/src/sar_experiment/install/crazyflie_sim/local/lib/python3.10/dist-packages/crazyflie_sim/visualization/record_states.py
[0.733s] -- Up-to-date: /home/dlee/ros2_ws/src/sar_experiment/install/crazyflie_sim/local/lib/python3.10/dist-packages/crazyflie_sim/visualization/README.md
[0.733s] -- Up-to-date: /home/dlee/ros2_ws/src/sar_experiment/install/crazyflie_sim/local/lib/python3.10/dist-packages/crazyflie_sim/visualization/rviz.py
[0.733s] -- Up-to-date: /home/dlee/ros2_ws/src/sar_experiment/install/crazyflie_sim/local/lib/python3.10/dist-packages/crazyflie_sim/visualization/blender.py
[0.733s] -- Up-to-date: /home/dlee/ros2_ws/src/sar_experiment/install/crazyflie_sim/local/lib/python3.10/dist-packages/crazyflie_sim/visualization/pdf.py
[0.733s] -- Up-to-date: /home/dlee/ros2_ws/src/sar_experiment/install/crazyflie_sim/local/lib/python3.10/dist-packages/crazyflie_sim/backend
[0.733s] -- Up-to-date: /home/dlee/ros2_ws/src/sar_experiment/install/crazyflie_sim/local/lib/python3.10/dist-packages/crazyflie_sim/backend/pinocchio.py
[0.734s] -- Up-to-date: /home/dlee/ros2_ws/src/sar_experiment/install/crazyflie_sim/local/lib/python3.10/dist-packages/crazyflie_sim/backend/data
[0.734s] -- Up-to-date: /home/dlee/ros2_ws/src/sar_experiment/install/crazyflie_sim/local/lib/python3.10/dist-packages/crazyflie_sim/backend/data/pinocchio
[0.734s] -- Up-to-date: /home/dlee/ros2_ws/src/sar_experiment/install/crazyflie_sim/local/lib/python3.10/dist-packages/crazyflie_sim/backend/data/pinocchio/crazyflie2.urdf
[0.734s] -- Up-to-date: /home/dlee/ros2_ws/src/sar_experiment/install/crazyflie_sim/local/lib/python3.10/dist-packages/crazyflie_sim/backend/data/neuralswarm2
[0.734s] -- Up-to-date: /home/dlee/ros2_ws/src/sar_experiment/install/crazyflie_sim/local/lib/python3.10/dist-packages/crazyflie_sim/backend/data/neuralswarm2/rho_L.pth
[0.734s] -- Up-to-date: /home/dlee/ros2_ws/src/sar_experiment/install/crazyflie_sim/local/lib/python3.10/dist-packages/crazyflie_sim/backend/data/neuralswarm2/phi_S.pth
[0.734s] -- Up-to-date: /home/dlee/ros2_ws/src/sar_experiment/install/crazyflie_sim/local/lib/python3.10/dist-packages/crazyflie_sim/backend/data/neuralswarm2/rho_S.pth
[0.734s] -- Up-to-date: /home/dlee/ros2_ws/src/sar_experiment/install/crazyflie_sim/local/lib/python3.10/dist-packages/crazyflie_sim/backend/data/neuralswarm2/phi_L.pth
[0.734s] -- Up-to-date: /home/dlee/ros2_ws/src/sar_experiment/install/crazyflie_sim/local/lib/python3.10/dist-packages/crazyflie_sim/backend/data/neuralswarm2/phi_G.pth
[0.734s] -- Up-to-date: /home/dlee/ros2_ws/src/sar_experiment/install/crazyflie_sim/local/lib/python3.10/dist-packages/crazyflie_sim/backend/data/dynobench
[0.734s] -- Up-to-date: /home/dlee/ros2_ws/src/sar_experiment/install/crazyflie_sim/local/lib/python3.10/dist-packages/crazyflie_sim/backend/data/dynobench/crazyflie2.yaml
[0.734s] -- Up-to-date: /home/dlee/ros2_ws/src/sar_experiment/install/crazyflie_sim/local/lib/python3.10/dist-packages/crazyflie_sim/backend/none.py
[0.735s] -- Up-to-date: /home/dlee/ros2_ws/src/sar_experiment/install/crazyflie_sim/local/lib/python3.10/dist-packages/crazyflie_sim/backend/np.py
[0.735s] -- Up-to-date: /home/dlee/ros2_ws/src/sar_experiment/install/crazyflie_sim/local/lib/python3.10/dist-packages/crazyflie_sim/backend/neuralswarm.py
[0.735s] -- Up-to-date: /home/dlee/ros2_ws/src/sar_experiment/install/crazyflie_sim/local/lib/python3.10/dist-packages/crazyflie_sim/backend/dynobench.py
[0.735s] -- Up-to-date: /home/dlee/ros2_ws/src/sar_experiment/install/crazyflie_sim/local/lib/python3.10/dist-packages/crazyflie_sim/crazyflie_sil.py
[0.735s] -- Up-to-date: /home/dlee/ros2_ws/src/sar_experiment/install/crazyflie_sim/local/lib/python3.10/dist-packages/crazyflie_sim/__init__.py
[0.735s] -- Up-to-date: /home/dlee/ros2_ws/src/sar_experiment/install/crazyflie_sim/local/lib/python3.10/dist-packages/crazyflie_sim/sim_data_types.py
[0.735s] -- Up-to-date: /home/dlee/ros2_ws/src/sar_experiment/install/crazyflie_sim/local/lib/python3.10/dist-packages/crazyflie_sim/crazyflie_server.py
[0.765s] Listing '/home/dlee/ros2_ws/src/sar_experiment/install/crazyflie_sim/local/lib/python3.10/dist-packages/crazyflie_sim'...
[0.765s] Listing '/home/dlee/ros2_ws/src/sar_experiment/install/crazyflie_sim/local/lib/python3.10/dist-packages/crazyflie_sim/backend'...
[0.766s] Listing '/home/dlee/ros2_ws/src/sar_experiment/install/crazyflie_sim/local/lib/python3.10/dist-packages/crazyflie_sim/backend/data'...
[0.766s] Listing '/home/dlee/ros2_ws/src/sar_experiment/install/crazyflie_sim/local/lib/python3.10/dist-packages/crazyflie_sim/backend/data/dynobench'...
[0.766s] Listing '/home/dlee/ros2_ws/src/sar_experiment/install/crazyflie_sim/local/lib/python3.10/dist-packages/crazyflie_sim/backend/data/neuralswarm2'...
[0.766s] Listing '/home/dlee/ros2_ws/src/sar_experiment/install/crazyflie_sim/local/lib/python3.10/dist-packages/crazyflie_sim/backend/data/pinocchio'...
[0.766s] Listing '/home/dlee/ros2_ws/src/sar_experiment/install/crazyflie_sim/local/lib/python3.10/dist-packages/crazyflie_sim/visualization'...
[0.766s] Listing '/home/dlee/ros2_ws/src/sar_experiment/install/crazyflie_sim/local/lib/python3.10/dist-packages/crazyflie_sim/visualization/data'...
[0.766s] Listing '/home/dlee/ros2_ws/src/sar_experiment/install/crazyflie_sim/local/lib/python3.10/dist-packages/crazyflie_sim/visualization/data/env'...
[0.766s] Listing '/home/dlee/ros2_ws/src/sar_experiment/install/crazyflie_sim/local/lib/python3.10/dist-packages/crazyflie_sim/visualization/data/model'...
[0.769s] -- Up-to-date: /home/dlee/ros2_ws/src/sar_experiment/install/crazyflie_sim/share/ament_index/resource_index/package_run_dependencies/crazyflie_sim
[0.769s] -- Up-to-date: /home/dlee/ros2_ws/src/sar_experiment/install/crazyflie_sim/share/ament_index/resource_index/parent_prefix_path/crazyflie_sim
[0.769s] -- Up-to-date: /home/dlee/ros2_ws/src/sar_experiment/install/crazyflie_sim/share/crazyflie_sim/environment/ament_prefix_path.sh
[0.769s] -- Up-to-date: /home/dlee/ros2_ws/src/sar_experiment/install/crazyflie_sim/share/crazyflie_sim/environment/ament_prefix_path.dsv
[0.770s] -- Up-to-date: /home/dlee/ros2_ws/src/sar_experiment/install/crazyflie_sim/share/crazyflie_sim/environment/path.sh
[0.770s] -- Up-to-date: /home/dlee/ros2_ws/src/sar_experiment/install/crazyflie_sim/share/crazyflie_sim/environment/path.dsv
[0.770s] -- Up-to-date: /home/dlee/ros2_ws/src/sar_experiment/install/crazyflie_sim/share/crazyflie_sim/local_setup.bash
[0.770s] -- Up-to-date: /home/dlee/ros2_ws/src/sar_experiment/install/crazyflie_sim/share/crazyflie_sim/local_setup.sh
[0.770s] -- Up-to-date: /home/dlee/ros2_ws/src/sar_experiment/install/crazyflie_sim/share/crazyflie_sim/local_setup.zsh
[0.770s] -- Up-to-date: /home/dlee/ros2_ws/src/sar_experiment/install/crazyflie_sim/share/crazyflie_sim/local_setup.dsv
[0.770s] -- Up-to-date: /home/dlee/ros2_ws/src/sar_experiment/install/crazyflie_sim/share/crazyflie_sim/package.dsv
[0.770s] -- Up-to-date: /home/dlee/ros2_ws/src/sar_experiment/install/crazyflie_sim/share/ament_index/resource_index/packages/crazyflie_sim
[0.771s] -- Up-to-date: /home/dlee/ros2_ws/src/sar_experiment/install/crazyflie_sim/share/crazyflie_sim/cmake/crazyflie_simConfig.cmake
[0.771s] -- Up-to-date: /home/dlee/ros2_ws/src/sar_experiment/install/crazyflie_sim/share/crazyflie_sim/cmake/crazyflie_simConfig-version.cmake
[0.771s] -- Up-to-date: /home/dlee/ros2_ws/src/sar_experiment/install/crazyflie_sim/share/crazyflie_sim/package.xml
[0.772s] Invoked command in '/home/dlee/ros2_ws/src/sar_experiment/build/crazyflie_sim' returned '0': AMENT_PREFIX_PATH=/home/dlee/ros2_ws/src/sar_experiment/install/crazyflie_interfaces:${AMENT_PREFIX_PATH} CMAKE_PREFIX_PATH=/home/dlee/ros2_ws/src/sar_experiment/install/crazyflie_interfaces:/home/dlee/ros2_ws/install/sar_projects:/home/dlee/ros2_ws/install/sar_gazebo:/home/dlee/ros2_ws/install/sar_control:/home/dlee/ros2_ws/install/sar_msgs:/home/dlee/ros2_ws/install/sar_logging_exp:/home/dlee/ros2_ws/install/sar_logging:/home/dlee/ros2_ws/install/sar_launch:/home/dlee/ros2_ws/install/sar_general:/home/dlee/ros2_ws/install/sar_env_exp:/home/dlee/ros2_ws/install/sar_env:/home/dlee/ros2_ws/install/sar_data_converter:/home/dlee/ros2_ws/install/sar_config:/home/dlee/ros2_ws/install/my_ignition_plugin:/home/dlee/ros2_ws/install/motion_capture_tracking:/home/dlee/ros2_ws/install/crazyflie:/home/dlee/ros2_ws/install/motion_capture_tracking_interfaces:/home/dlee/ros2_ws/install/crazyflie_sim:/home/dlee/ros2_ws/install/crazyflie_examples:/home/dlee/ros2_ws/install/crazyflie_interfaces:/home/dlee/ros2_ws/install/crazyflie_py:/opt/ros/humble LD_LIBRARY_PATH=/home/dlee/ros2_ws/src/sar_experiment/install/crazyflie_interfaces/lib:${LD_LIBRARY_PATH} PYTHONPATH=/home/dlee/ros2_ws/src/sar_experiment/install/crazyflie_interfaces/local/lib/python3.10/dist-packages:${PYTHONPATH} /usr/bin/cmake --install /home/dlee/ros2_ws/src/sar_experiment/build/crazyflie_sim
