[0.286s] Invoking command in '/home/dlee/ros2_ws/src/sar_experiment/build/crazyflie': AMENT_PREFIX_PATH=/home/dlee/ros2_ws/src/sar_experiment/install/motion_capture_tracking_interfaces:/home/dlee/ros2_ws/src/sar_experiment/install/crazyflie_interfaces:${AMENT_PREFIX_PATH} CMAKE_PREFIX_PATH=/home/dlee/ros2_ws/src/sar_experiment/install/motion_capture_tracking_interfaces:/home/dlee/ros2_ws/src/sar_experiment/install/crazyflie_interfaces:/home/dlee/ros2_ws/install/sar_projects:/home/dlee/ros2_ws/install/sar_gazebo:/home/dlee/ros2_ws/install/sar_control:/home/dlee/ros2_ws/install/sar_msgs:/home/dlee/ros2_ws/install/sar_logging_exp:/home/dlee/ros2_ws/install/sar_logging:/home/dlee/ros2_ws/install/sar_launch:/home/dlee/ros2_ws/install/sar_general:/home/dlee/ros2_ws/install/sar_env_exp:/home/dlee/ros2_ws/install/sar_env:/home/dlee/ros2_ws/install/sar_data_converter:/home/dlee/ros2_ws/install/sar_config:/home/dlee/ros2_ws/install/my_ignition_plugin:/home/dlee/ros2_ws/install/motion_capture_tracking:/home/dlee/ros2_ws/install/crazyflie:/home/dlee/ros2_ws/install/motion_capture_tracking_interfaces:/home/dlee/ros2_ws/install/crazyflie_sim:/home/dlee/ros2_ws/install/crazyflie_examples:/home/dlee/ros2_ws/install/crazyflie_interfaces:/home/dlee/ros2_ws/install/crazyflie_py:/opt/ros/humble LD_LIBRARY_PATH=/home/dlee/ros2_ws/src/sar_experiment/install/motion_capture_tracking_interfaces/lib:/home/dlee/ros2_ws/src/sar_experiment/install/crazyflie_interfaces/lib:${LD_LIBRARY_PATH} PYTHONPATH=/home/dlee/ros2_ws/src/sar_experiment/install/motion_capture_tracking_interfaces/local/lib/python3.10/dist-packages:/home/dlee/ros2_ws/src/sar_experiment/install/crazyflie_interfaces/local/lib/python3.10/dist-packages:${PYTHONPATH} /usr/bin/cmake /home/dlee/ros2_ws/src/sar_experiment/crazyswarm2/crazyflie -DCMAKE_INSTALL_PREFIX=/home/dlee/ros2_ws/src/sar_experiment/install/crazyflie
[0.342s] -- The C compiler identification is GNU 11.4.0
[0.430s] -- The CXX compiler identification is GNU 11.4.0
[0.443s] -- Detecting C compiler ABI info
[0.562s] -- Detecting C compiler ABI info - done
[0.577s] -- Check for working C compiler: /usr/bin/cc - skipped
[0.579s] -- Detecting C compile features
[0.579s] -- Detecting C compile features - done
[0.583s] -- Detecting CXX compiler ABI info
[0.766s] -- Detecting CXX compiler ABI info - done
[0.775s] -- Check for working CXX compiler: /usr/bin/c++ - skipped
[0.776s] -- Detecting CXX compile features
[0.777s] -- Detecting CXX compile features - done
[0.784s] -- Found ament_cmake: 1.3.11 (/opt/ros/humble/share/ament_cmake/cmake)
[1.051s] -- Found Python3: /usr/bin/python3 (found version "3.10.12") found components: Interpreter 
[1.250s] -- Found rclcpp: 16.0.11 (/opt/ros/humble/share/rclcpp/cmake)
[1.344s] -- Found rosidl_generator_c: 3.1.6 (/opt/ros/humble/share/rosidl_generator_c/cmake)
[1.355s] -- Found rosidl_adapter: 3.1.6 (/opt/ros/humble/share/rosidl_adapter/cmake)
[1.370s] -- Found rosidl_generator_cpp: 3.1.6 (/opt/ros/humble/share/rosidl_generator_cpp/cmake)
[1.396s] -- Using all available rosidl_typesupport_c: rosidl_typesupport_fastrtps_c;rosidl_typesupport_introspection_c
[1.433s] -- Using all available rosidl_typesupport_cpp: rosidl_typesupport_fastrtps_cpp;rosidl_typesupport_introspection_cpp
[1.513s] -- Found rmw_implementation_cmake: 6.1.2 (/opt/ros/humble/share/rmw_implementation_cmake/cmake)
[1.519s] -- Found rmw_fastrtps_cpp: 6.2.7 (/opt/ros/humble/share/rmw_fastrtps_cpp/cmake)
[1.669s] -- Found OpenSSL: /usr/lib/x86_64-linux-gnu/libcrypto.so (found version "3.0.2")  
[1.724s] -- Found FastRTPS: /opt/ros/humble/include  
[1.788s] -- Using RMW implementation 'rmw_fastrtps_cpp' as default
[1.806s] -- Looking for pthread.h
[1.894s] -- Looking for pthread.h - found
[1.894s] -- Performing Test CMAKE_HAVE_LIBC_PTHREAD
[1.998s] -- Performing Test CMAKE_HAVE_LIBC_PTHREAD - Success
[2.000s] -- Found Threads: TRUE  
[2.103s] -- Found tf2_ros: 0.25.12 (/opt/ros/humble/share/tf2_ros/cmake)
[2.293s] -- Found rclpy: 3.3.15 (/opt/ros/humble/share/rclpy/cmake)
[2.298s] -- Found std_srvs: 4.2.4 (/opt/ros/humble/share/std_srvs/cmake)
[2.313s] -- Found sensor_msgs: 4.2.4 (/opt/ros/humble/share/sensor_msgs/cmake)
[2.329s] -- Found crazyflie_interfaces: 2.0.0 (/home/dlee/ros2_ws/src/sar_experiment/install/crazyflie_interfaces/share/crazyflie_interfaces/cmake)
[2.346s] -- Found motion_capture_tracking_interfaces: 1.0.5 (/home/dlee/ros2_ws/src/sar_experiment/install/motion_capture_tracking_interfaces/share/motion_capture_tracking_interfaces/cmake)
[2.396s] -- Found Boost: /usr/lib/x86_64-linux-gnu/cmake/Boost-1.74.0/BoostConfig.cmake (found version "1.74.0") found components: program_options 
[2.402s] -- Found libusb: /usr/lib/x86_64-linux-gnu/libusb-1.0.so  
[2.482s] -- Configuring done
[2.535s] -- Generating done
[2.551s] -- Build files have been written to: /home/dlee/ros2_ws/src/sar_experiment/build/crazyflie
[2.567s] Invoked command in '/home/dlee/ros2_ws/src/sar_experiment/build/crazyflie' returned '0': AMENT_PREFIX_PATH=/home/dlee/ros2_ws/src/sar_experiment/install/motion_capture_tracking_interfaces:/home/dlee/ros2_ws/src/sar_experiment/install/crazyflie_interfaces:${AMENT_PREFIX_PATH} CMAKE_PREFIX_PATH=/home/dlee/ros2_ws/src/sar_experiment/install/motion_capture_tracking_interfaces:/home/dlee/ros2_ws/src/sar_experiment/install/crazyflie_interfaces:/home/dlee/ros2_ws/install/sar_projects:/home/dlee/ros2_ws/install/sar_gazebo:/home/dlee/ros2_ws/install/sar_control:/home/dlee/ros2_ws/install/sar_msgs:/home/dlee/ros2_ws/install/sar_logging_exp:/home/dlee/ros2_ws/install/sar_logging:/home/dlee/ros2_ws/install/sar_launch:/home/dlee/ros2_ws/install/sar_general:/home/dlee/ros2_ws/install/sar_env_exp:/home/dlee/ros2_ws/install/sar_env:/home/dlee/ros2_ws/install/sar_data_converter:/home/dlee/ros2_ws/install/sar_config:/home/dlee/ros2_ws/install/my_ignition_plugin:/home/dlee/ros2_ws/install/motion_capture_tracking:/home/dlee/ros2_ws/install/crazyflie:/home/dlee/ros2_ws/install/motion_capture_tracking_interfaces:/home/dlee/ros2_ws/install/crazyflie_sim:/home/dlee/ros2_ws/install/crazyflie_examples:/home/dlee/ros2_ws/install/crazyflie_interfaces:/home/dlee/ros2_ws/install/crazyflie_py:/opt/ros/humble LD_LIBRARY_PATH=/home/dlee/ros2_ws/src/sar_experiment/install/motion_capture_tracking_interfaces/lib:/home/dlee/ros2_ws/src/sar_experiment/install/crazyflie_interfaces/lib:${LD_LIBRARY_PATH} PYTHONPATH=/home/dlee/ros2_ws/src/sar_experiment/install/motion_capture_tracking_interfaces/local/lib/python3.10/dist-packages:/home/dlee/ros2_ws/src/sar_experiment/install/crazyflie_interfaces/local/lib/python3.10/dist-packages:${PYTHONPATH} /usr/bin/cmake /home/dlee/ros2_ws/src/sar_experiment/crazyswarm2/crazyflie -DCMAKE_INSTALL_PREFIX=/home/dlee/ros2_ws/src/sar_experiment/install/crazyflie
[2.569s] Invoking command in '/home/dlee/ros2_ws/src/sar_experiment/build/crazyflie': AMENT_PREFIX_PATH=/home/dlee/ros2_ws/src/sar_experiment/install/motion_capture_tracking_interfaces:/home/dlee/ros2_ws/src/sar_experiment/install/crazyflie_interfaces:${AMENT_PREFIX_PATH} CMAKE_PREFIX_PATH=/home/dlee/ros2_ws/src/sar_experiment/install/motion_capture_tracking_interfaces:/home/dlee/ros2_ws/src/sar_experiment/install/crazyflie_interfaces:/home/dlee/ros2_ws/install/sar_projects:/home/dlee/ros2_ws/install/sar_gazebo:/home/dlee/ros2_ws/install/sar_control:/home/dlee/ros2_ws/install/sar_msgs:/home/dlee/ros2_ws/install/sar_logging_exp:/home/dlee/ros2_ws/install/sar_logging:/home/dlee/ros2_ws/install/sar_launch:/home/dlee/ros2_ws/install/sar_general:/home/dlee/ros2_ws/install/sar_env_exp:/home/dlee/ros2_ws/install/sar_env:/home/dlee/ros2_ws/install/sar_data_converter:/home/dlee/ros2_ws/install/sar_config:/home/dlee/ros2_ws/install/my_ignition_plugin:/home/dlee/ros2_ws/install/motion_capture_tracking:/home/dlee/ros2_ws/install/crazyflie:/home/dlee/ros2_ws/install/motion_capture_tracking_interfaces:/home/dlee/ros2_ws/install/crazyflie_sim:/home/dlee/ros2_ws/install/crazyflie_examples:/home/dlee/ros2_ws/install/crazyflie_interfaces:/home/dlee/ros2_ws/install/crazyflie_py:/opt/ros/humble LD_LIBRARY_PATH=/home/dlee/ros2_ws/src/sar_experiment/install/motion_capture_tracking_interfaces/lib:/home/dlee/ros2_ws/src/sar_experiment/install/crazyflie_interfaces/lib:${LD_LIBRARY_PATH} PYTHONPATH=/home/dlee/ros2_ws/src/sar_experiment/install/motion_capture_tracking_interfaces/local/lib/python3.10/dist-packages:/home/dlee/ros2_ws/src/sar_experiment/install/crazyflie_interfaces/local/lib/python3.10/dist-packages:${PYTHONPATH} /usr/bin/cmake --build /home/dlee/ros2_ws/src/sar_experiment/build/crazyflie -- -j24 -l24
[2.643s] [  2%] [32mBuilding CXX object CMakeFiles/teleop.dir/src/teleop.cpp.o[0m
[2.644s] [  5%] [32mBuilding CXX object deps/crazyflie_tools/crazyflie_cpp/crazyflie-link-cpp/CMakeFiles/crazyflieLinkCpp.dir/src/USBDevice.cpp.o[0m
[2.645s] [  7%] [32mBuilding CXX object deps/crazyflie_tools/crazyflie_cpp/crazyflie-link-cpp/CMakeFiles/crazyflieLinkCpp.dir/src/USBManager.cpp.o[0m
[2.645s] [ 10%] [32mBuilding CXX object deps/crazyflie_tools/crazyflie_cpp/crazyflie-link-cpp/CMakeFiles/crazyflieLinkCpp.dir/src/Connection.cpp.o[0m
[2.645s] [ 15%] [32mBuilding CXX object deps/crazyflie_tools/crazyflie_cpp/crazyflie-link-cpp/CMakeFiles/crazyflieLinkCpp.dir/src/Crazyradio.cpp.o[0m
[2.646s] [ 15%] [32mBuilding CXX object deps/crazyflie_tools/crazyflie_cpp/crazyflie-link-cpp/CMakeFiles/crazyflieLinkCpp.dir/src/CrazyradioThread.cpp.o[0m
[2.646s] [ 20%] [32mBuilding CXX object deps/crazyflie_tools/crazyflie_cpp/crazyflie-link-cpp/CMakeFiles/crazyflieLinkCpp.dir/src/CrazyflieUSBThread.cpp.o[0m
[2.646s] [ 20%] [32mBuilding CXX object deps/crazyflie_tools/crazyflie_cpp/crazyflie-link-cpp/CMakeFiles/crazyflieLinkCpp.dir/src/CrazyflieUSB.cpp.o[0m
[2.649s] [ 22%] [32mBuilding CXX object deps/crazyflie_tools/crazyflie_cpp/crazyflie-link-cpp/CMakeFiles/crazyflieLinkCpp.dir/src/Version.cpp.o[0m
[5.487s] [ 25%] [32m[1mLinking CXX static library libcrazyflieLinkCpp.a[0m
[5.570s] [ 25%] Built target crazyflieLinkCpp
[5.592s] [ 27%] [32mBuilding CXX object deps/crazyflie_tools/crazyflie_cpp/CMakeFiles/crazyflie_cpp.dir/src/Crazyflie.cpp.o[0m
[5.592s] [ 30%] [32mBuilding CXX object deps/crazyflie_tools/crazyflie_cpp/CMakeFiles/crazyflie_cpp.dir/src/crtp.cpp.o[0m
[7.756s] [ 32%] [32m[1mLinking CXX static library libcrazyflie_cpp.a[0m
[7.826s] [ 32%] Built target crazyflie_cpp
[7.856s] [ 35%] [32mBuilding CXX object deps/crazyflie_tools/CMakeFiles/listParams.dir/src/listParams.cpp.o[0m
[7.856s] [ 37%] [32mBuilding CXX object deps/crazyflie_tools/CMakeFiles/listLogVariables.dir/src/listLogVariables.cpp.o[0m
[7.856s] [ 45%] [32mBuilding CXX object deps/crazyflie_tools/CMakeFiles/scan.dir/src/scan.cpp.o[0m
[7.856s] [ 45%] [32mBuilding CXX object deps/crazyflie_tools/CMakeFiles/downloadUSDLogfile.dir/src/downloadUSDLogfile.cpp.o[0m
[7.857s] [ 45%] [32mBuilding CXX object deps/crazyflie_tools/CMakeFiles/comCheck.dir/src/comCheck.cpp.o[0m
[7.857s] [ 47%] [32mBuilding CXX object deps/crazyflie_tools/CMakeFiles/log.dir/src/log.cpp.o[0m
[7.857s] [ 50%] [32mBuilding CXX object deps/crazyflie_tools/CMakeFiles/battery.dir/src/battery.cpp.o[0m
[7.858s] [ 52%] [32mBuilding CXX object deps/crazyflie_tools/CMakeFiles/setParam.dir/src/setParam.cpp.o[0m
[7.859s] [ 57%] [32mBuilding CXX object deps/crazyflie_tools/CMakeFiles/listMemories.dir/src/listMemories.cpp.o[0m
[7.859s] [ 57%] [32mBuilding CXX object deps/crazyflie_tools/CMakeFiles/version.dir/src/version.cpp.o[0m
[7.860s] [ 62%] [32mBuilding CXX object deps/crazyflie_tools/CMakeFiles/console.dir/src/console.cpp.o[0m
[7.860s] [ 62%] [32mBuilding CXX object deps/crazyflie_tools/CMakeFiles/reboot.dir/src/reboot.cpp.o[0m
[7.864s] [ 65%] [32mBuilding CXX object CMakeFiles/crazyflie_server.dir/src/crazyflie_server.cpp.o[0m
[9.837s] [ 67%] [32m[1mLinking CXX executable downloadUSDLogfile[0m
[9.974s] [ 70%] [32m[1mLinking CXX executable console[0m
[10.011s] [ 72%] [32m[1mLinking CXX executable listParams[0m
[10.071s] [ 75%] [32m[1mLinking CXX executable battery[0m
[10.149s] [ 77%] [32m[1mLinking CXX executable version[0m
[10.153s] [ 77%] Built target downloadUSDLogfile
[10.157s] [ 80%] [32m[1mLinking CXX executable comCheck[0m
[10.194s] [ 82%] [32m[1mLinking CXX executable listLogVariables[0m
[10.235s] [ 85%] [32m[1mLinking CXX executable scan[0m
[10.291s] [ 85%] Built target console
[10.333s] [ 87%] [32m[1mLinking CXX executable listMemories[0m
[10.375s] [ 90%] [32m[1mLinking CXX executable setParam[0m
[10.383s] [ 92%] [32m[1mLinking CXX executable reboot[0m
[10.416s] [ 92%] Built target listParams
[10.426s] [ 95%] [32m[1mLinking CXX executable log[0m
[10.432s] [ 95%] Built target battery
[10.505s] [ 95%] Built target comCheck
[10.524s] [ 95%] Built target listLogVariables
[10.575s] [ 95%] Built target version
[10.650s] [ 95%] Built target scan
[10.711s] [ 95%] Built target listMemories
[10.792s] [ 95%] Built target setParam
[10.818s] [ 95%] Built target reboot
[10.818s] [ 95%] Built target log
[17.985s] [ 97%] [32m[1mLinking CXX executable teleop[0m
[18.727s] [ 97%] Built target teleop
[35.231s] [100%] [32m[1mLinking CXX executable crazyflie_server[0m
[37.209s] [100%] Built target crazyflie_server
[37.224s] Invoked command in '/home/dlee/ros2_ws/src/sar_experiment/build/crazyflie' returned '0': AMENT_PREFIX_PATH=/home/dlee/ros2_ws/src/sar_experiment/install/motion_capture_tracking_interfaces:/home/dlee/ros2_ws/src/sar_experiment/install/crazyflie_interfaces:${AMENT_PREFIX_PATH} CMAKE_PREFIX_PATH=/home/dlee/ros2_ws/src/sar_experiment/install/motion_capture_tracking_interfaces:/home/dlee/ros2_ws/src/sar_experiment/install/crazyflie_interfaces:/home/dlee/ros2_ws/install/sar_projects:/home/dlee/ros2_ws/install/sar_gazebo:/home/dlee/ros2_ws/install/sar_control:/home/dlee/ros2_ws/install/sar_msgs:/home/dlee/ros2_ws/install/sar_logging_exp:/home/dlee/ros2_ws/install/sar_logging:/home/dlee/ros2_ws/install/sar_launch:/home/dlee/ros2_ws/install/sar_general:/home/dlee/ros2_ws/install/sar_env_exp:/home/dlee/ros2_ws/install/sar_env:/home/dlee/ros2_ws/install/sar_data_converter:/home/dlee/ros2_ws/install/sar_config:/home/dlee/ros2_ws/install/my_ignition_plugin:/home/dlee/ros2_ws/install/motion_capture_tracking:/home/dlee/ros2_ws/install/crazyflie:/home/dlee/ros2_ws/install/motion_capture_tracking_interfaces:/home/dlee/ros2_ws/install/crazyflie_sim:/home/dlee/ros2_ws/install/crazyflie_examples:/home/dlee/ros2_ws/install/crazyflie_interfaces:/home/dlee/ros2_ws/install/crazyflie_py:/opt/ros/humble LD_LIBRARY_PATH=/home/dlee/ros2_ws/src/sar_experiment/install/motion_capture_tracking_interfaces/lib:/home/dlee/ros2_ws/src/sar_experiment/install/crazyflie_interfaces/lib:${LD_LIBRARY_PATH} PYTHONPATH=/home/dlee/ros2_ws/src/sar_experiment/install/motion_capture_tracking_interfaces/local/lib/python3.10/dist-packages:/home/dlee/ros2_ws/src/sar_experiment/install/crazyflie_interfaces/local/lib/python3.10/dist-packages:${PYTHONPATH} /usr/bin/cmake --build /home/dlee/ros2_ws/src/sar_experiment/build/crazyflie -- -j24 -l24
[37.226s] Invoking command in '/home/dlee/ros2_ws/src/sar_experiment/build/crazyflie': AMENT_PREFIX_PATH=/home/dlee/ros2_ws/src/sar_experiment/install/motion_capture_tracking_interfaces:/home/dlee/ros2_ws/src/sar_experiment/install/crazyflie_interfaces:${AMENT_PREFIX_PATH} CMAKE_PREFIX_PATH=/home/dlee/ros2_ws/src/sar_experiment/install/motion_capture_tracking_interfaces:/home/dlee/ros2_ws/src/sar_experiment/install/crazyflie_interfaces:/home/dlee/ros2_ws/install/sar_projects:/home/dlee/ros2_ws/install/sar_gazebo:/home/dlee/ros2_ws/install/sar_control:/home/dlee/ros2_ws/install/sar_msgs:/home/dlee/ros2_ws/install/sar_logging_exp:/home/dlee/ros2_ws/install/sar_logging:/home/dlee/ros2_ws/install/sar_launch:/home/dlee/ros2_ws/install/sar_general:/home/dlee/ros2_ws/install/sar_env_exp:/home/dlee/ros2_ws/install/sar_env:/home/dlee/ros2_ws/install/sar_data_converter:/home/dlee/ros2_ws/install/sar_config:/home/dlee/ros2_ws/install/my_ignition_plugin:/home/dlee/ros2_ws/install/motion_capture_tracking:/home/dlee/ros2_ws/install/crazyflie:/home/dlee/ros2_ws/install/motion_capture_tracking_interfaces:/home/dlee/ros2_ws/install/crazyflie_sim:/home/dlee/ros2_ws/install/crazyflie_examples:/home/dlee/ros2_ws/install/crazyflie_interfaces:/home/dlee/ros2_ws/install/crazyflie_py:/opt/ros/humble LD_LIBRARY_PATH=/home/dlee/ros2_ws/src/sar_experiment/install/motion_capture_tracking_interfaces/lib:/home/dlee/ros2_ws/src/sar_experiment/install/crazyflie_interfaces/lib:${LD_LIBRARY_PATH} PYTHONPATH=/home/dlee/ros2_ws/src/sar_experiment/install/motion_capture_tracking_interfaces/local/lib/python3.10/dist-packages:/home/dlee/ros2_ws/src/sar_experiment/install/crazyflie_interfaces/local/lib/python3.10/dist-packages:${PYTHONPATH} /usr/bin/cmake --install /home/dlee/ros2_ws/src/sar_experiment/build/crazyflie
[37.233s] -- Install configuration: ""
[37.234s] -- Installing: /home/dlee/ros2_ws/src/sar_experiment/install/crazyflie/lib/crazyflie/comCheck
[37.236s] -- Installing: /home/dlee/ros2_ws/src/sar_experiment/install/crazyflie/lib/crazyflie/scan
[37.238s] -- Installing: /home/dlee/ros2_ws/src/sar_experiment/install/crazyflie/lib/crazyflie/listParams
[37.240s] -- Installing: /home/dlee/ros2_ws/src/sar_experiment/install/crazyflie/lib/crazyflie/listLogVariables
[37.242s] -- Installing: /home/dlee/ros2_ws/src/sar_experiment/install/crazyflie/lib/crazyflie/listMemories
[37.244s] -- Installing: /home/dlee/ros2_ws/src/sar_experiment/install/crazyflie/lib/crazyflie/reboot
[37.246s] -- Installing: /home/dlee/ros2_ws/src/sar_experiment/install/crazyflie/lib/crazyflie/battery
[37.248s] -- Installing: /home/dlee/ros2_ws/src/sar_experiment/install/crazyflie/lib/crazyflie/version
[37.250s] -- Installing: /home/dlee/ros2_ws/src/sar_experiment/install/crazyflie/lib/crazyflie/console
[37.253s] -- Installing: /home/dlee/ros2_ws/src/sar_experiment/install/crazyflie/lib/crazyflie/log
[37.255s] -- Installing: /home/dlee/ros2_ws/src/sar_experiment/install/crazyflie/lib/crazyflie/setParam
[37.257s] -- Installing: /home/dlee/ros2_ws/src/sar_experiment/install/crazyflie/lib/crazyflie/downloadUSDLogfile
[37.259s] -- Installing: /home/dlee/ros2_ws/src/sar_experiment/install/crazyflie/lib/crazyflie/teleop
[37.269s] -- Set runtime path of "/home/dlee/ros2_ws/src/sar_experiment/install/crazyflie/lib/crazyflie/teleop" to ""
[37.269s] -- Installing: /home/dlee/ros2_ws/src/sar_experiment/install/crazyflie/lib/crazyflie/crazyflie_server
[37.290s] -- Set runtime path of "/home/dlee/ros2_ws/src/sar_experiment/install/crazyflie/lib/crazyflie/crazyflie_server" to ""
[37.290s] -- Installing: /home/dlee/ros2_ws/src/sar_experiment/install/crazyflie/lib/crazyflie/crazyflie_server.py
[37.290s] -- Installing: /home/dlee/ros2_ws/src/sar_experiment/install/crazyflie/lib/crazyflie/chooser.py
[37.291s] -- Installing: /home/dlee/ros2_ws/src/sar_experiment/install/crazyflie/lib/crazyflie/vel_mux.py
[37.291s] -- Installing: /home/dlee/ros2_ws/src/sar_experiment/install/crazyflie/lib/crazyflie/cfmult.py
[37.291s] -- Installing: /home/dlee/ros2_ws/src/sar_experiment/install/crazyflie/lib/crazyflie/simple_mapper_multiranger.py
[37.291s] -- Installing: /home/dlee/ros2_ws/src/sar_experiment/install/crazyflie/lib/crazyflie/aideck_streamer.py
[37.292s] -- Installing: /home/dlee/ros2_ws/src/sar_experiment/install/crazyflie/lib/crazyflie/gui.py
[37.292s] -- Installing: /home/dlee/ros2_ws/src/sar_experiment/install/crazyflie/lib/crazyflie/flash.py
[37.292s] -- Installing: /home/dlee/ros2_ws/src/sar_experiment/install/crazyflie/share/crazyflie//launch
[37.292s] -- Installing: /home/dlee/ros2_ws/src/sar_experiment/install/crazyflie/share/crazyflie//launch/__pycache__
[37.292s] -- Installing: /home/dlee/ros2_ws/src/sar_experiment/install/crazyflie/share/crazyflie//launch/__pycache__/launch.cpython-310.pyc
[37.293s] -- Installing: /home/dlee/ros2_ws/src/sar_experiment/install/crazyflie/share/crazyflie//launch/launch_teleop2.py
[37.293s] -- Installing: /home/dlee/ros2_ws/src/sar_experiment/install/crazyflie/share/crazyflie//launch/launch.py
[37.293s] -- Installing: /home/dlee/ros2_ws/src/sar_experiment/install/crazyflie/share/crazyflie//launch/teleop_launch.py
[37.294s] -- Installing: /home/dlee/ros2_ws/src/sar_experiment/install/crazyflie/share/crazyflie//config
[37.294s] -- Installing: /home/dlee/ros2_ws/src/sar_experiment/install/crazyflie/share/crazyflie//config/server.yaml
[37.294s] -- Installing: /home/dlee/ros2_ws/src/sar_experiment/install/crazyflie/share/crazyflie//config/crazyflies.yaml
[37.294s] -- Installing: /home/dlee/ros2_ws/src/sar_experiment/install/crazyflie/share/crazyflie//config/config.rviz
[37.294s] -- Installing: /home/dlee/ros2_ws/src/sar_experiment/install/crazyflie/share/crazyflie//config/teleop.yaml
[37.295s] -- Installing: /home/dlee/ros2_ws/src/sar_experiment/install/crazyflie/share/crazyflie//config/aideck_streamer.yaml
[37.295s] -- Installing: /home/dlee/ros2_ws/src/sar_experiment/install/crazyflie/share/crazyflie//config/crazyflies1.yaml
[37.295s] -- Installing: /home/dlee/ros2_ws/src/sar_experiment/install/crazyflie/share/crazyflie//config/motion_capture.yaml
[37.295s] -- Installing: /home/dlee/ros2_ws/src/sar_experiment/install/crazyflie/share/crazyflie//config/motion_capture (vicon).yaml
[37.296s] -- Installing: /home/dlee/ros2_ws/src/sar_experiment/install/crazyflie/share/crazyflie//urdf
[37.296s] -- Installing: /home/dlee/ros2_ws/src/sar_experiment/install/crazyflie/share/crazyflie//urdf/cf2_assembly.stl
[37.296s] -- Installing: /home/dlee/ros2_ws/src/sar_experiment/install/crazyflie/share/crazyflie//urdf/crazyflie_description.urdf
[37.297s] -- Installing: /home/dlee/ros2_ws/src/sar_experiment/install/crazyflie/share/crazyflie//urdf/cf2_assembly_with_props.dae
[37.298s] -- Installing: /home/dlee/ros2_ws/src/sar_experiment/install/crazyflie/share/ament_index/resource_index/package_run_dependencies/crazyflie
[37.298s] -- Installing: /home/dlee/ros2_ws/src/sar_experiment/install/crazyflie/share/ament_index/resource_index/parent_prefix_path/crazyflie
[37.298s] -- Installing: /home/dlee/ros2_ws/src/sar_experiment/install/crazyflie/share/crazyflie/environment/ament_prefix_path.sh
[37.298s] -- Installing: /home/dlee/ros2_ws/src/sar_experiment/install/crazyflie/share/crazyflie/environment/ament_prefix_path.dsv
[37.298s] -- Installing: /home/dlee/ros2_ws/src/sar_experiment/install/crazyflie/share/crazyflie/environment/path.sh
[37.298s] -- Installing: /home/dlee/ros2_ws/src/sar_experiment/install/crazyflie/share/crazyflie/environment/path.dsv
[37.299s] -- Installing: /home/dlee/ros2_ws/src/sar_experiment/install/crazyflie/share/crazyflie/local_setup.bash
[37.299s] -- Installing: /home/dlee/ros2_ws/src/sar_experiment/install/crazyflie/share/crazyflie/local_setup.sh
[37.299s] -- Installing: /home/dlee/ros2_ws/src/sar_experiment/install/crazyflie/share/crazyflie/local_setup.zsh
[37.299s] -- Installing: /home/dlee/ros2_ws/src/sar_experiment/install/crazyflie/share/crazyflie/local_setup.dsv
[37.299s] -- Installing: /home/dlee/ros2_ws/src/sar_experiment/install/crazyflie/share/crazyflie/package.dsv
[37.300s] -- Installing: /home/dlee/ros2_ws/src/sar_experiment/install/crazyflie/share/ament_index/resource_index/packages/crazyflie
[37.300s] -- Installing: /home/dlee/ros2_ws/src/sar_experiment/install/crazyflie/share/crazyflie/cmake/crazyflieConfig.cmake
[37.300s] -- Installing: /home/dlee/ros2_ws/src/sar_experiment/install/crazyflie/share/crazyflie/cmake/crazyflieConfig-version.cmake
[37.300s] -- Installing: /home/dlee/ros2_ws/src/sar_experiment/install/crazyflie/share/crazyflie/package.xml
[37.303s] Invoked command in '/home/dlee/ros2_ws/src/sar_experiment/build/crazyflie' returned '0': AMENT_PREFIX_PATH=/home/dlee/ros2_ws/src/sar_experiment/install/motion_capture_tracking_interfaces:/home/dlee/ros2_ws/src/sar_experiment/install/crazyflie_interfaces:${AMENT_PREFIX_PATH} CMAKE_PREFIX_PATH=/home/dlee/ros2_ws/src/sar_experiment/install/motion_capture_tracking_interfaces:/home/dlee/ros2_ws/src/sar_experiment/install/crazyflie_interfaces:/home/dlee/ros2_ws/install/sar_projects:/home/dlee/ros2_ws/install/sar_gazebo:/home/dlee/ros2_ws/install/sar_control:/home/dlee/ros2_ws/install/sar_msgs:/home/dlee/ros2_ws/install/sar_logging_exp:/home/dlee/ros2_ws/install/sar_logging:/home/dlee/ros2_ws/install/sar_launch:/home/dlee/ros2_ws/install/sar_general:/home/dlee/ros2_ws/install/sar_env_exp:/home/dlee/ros2_ws/install/sar_env:/home/dlee/ros2_ws/install/sar_data_converter:/home/dlee/ros2_ws/install/sar_config:/home/dlee/ros2_ws/install/my_ignition_plugin:/home/dlee/ros2_ws/install/motion_capture_tracking:/home/dlee/ros2_ws/install/crazyflie:/home/dlee/ros2_ws/install/motion_capture_tracking_interfaces:/home/dlee/ros2_ws/install/crazyflie_sim:/home/dlee/ros2_ws/install/crazyflie_examples:/home/dlee/ros2_ws/install/crazyflie_interfaces:/home/dlee/ros2_ws/install/crazyflie_py:/opt/ros/humble LD_LIBRARY_PATH=/home/dlee/ros2_ws/src/sar_experiment/install/motion_capture_tracking_interfaces/lib:/home/dlee/ros2_ws/src/sar_experiment/install/crazyflie_interfaces/lib:${LD_LIBRARY_PATH} PYTHONPATH=/home/dlee/ros2_ws/src/sar_experiment/install/motion_capture_tracking_interfaces/local/lib/python3.10/dist-packages:/home/dlee/ros2_ws/src/sar_experiment/install/crazyflie_interfaces/local/lib/python3.10/dist-packages:${PYTHONPATH} /usr/bin/cmake --install /home/dlee/ros2_ws/src/sar_experiment/build/crazyflie
