[0.014s] Invoking command in '/home/dlee/ros2_ws/src/sar_experiment/build/sar_env_exp': CMAKE_PREFIX_PATH=${CMAKE_PREFIX_PATH}:/home/dlee/ros2_ws/install/crazyflie_py:/opt/ros/humble /usr/bin/cmake /home/dlee/ros2_ws/src/sar_experiment/sar_env_exp -DCMAKE_INSTALL_PREFIX=/home/dlee/ros2_ws/src/sar_experiment/install/sar_env_exp
[0.081s] -- The C compiler identification is GNU 11.4.0
[0.136s] -- The CXX compiler identification is GNU 11.4.0
[0.145s] -- Detecting C compiler ABI info
[0.214s] -- Detecting C compiler ABI info - done
[0.221s] -- Check for working C compiler: /usr/bin/cc - skipped
[0.221s] -- Detecting C compile features
[0.222s] -- Detecting C compile features - done
[0.225s] -- Detecting CXX compiler ABI info
[0.304s] -- Detecting CXX compiler ABI info - done
[0.314s] -- Check for working CXX compiler: /usr/bin/c++ - skipped
[0.315s] -- Detecting CXX compile features
[0.315s] -- Detecting CXX compile features - done
[0.321s] -- Found ament_cmake: 1.3.11 (/opt/ros/humble/share/ament_cmake/cmake)
[0.469s] -- Found Python3: /usr/bin/python3 (found version "3.10.12") found components: Interpreter 
[0.591s] -- Found ament_lint_auto: 0.12.11 (/opt/ros/humble/share/ament_lint_auto/cmake)
[0.683s] -- Added test 'flake8' to check Python code syntax and style conventions
[0.684s] -- Added test 'lint_cmake' to check CMake code style
[0.685s] -- Added test 'pep257' to check Python code against some of the docstring style conventions in PEP 257
[0.687s] -- Added test 'xmllint' to check XML markup files
[0.689s] -- Configuring done
[0.692s] -- Generating done
[0.694s] -- Build files have been written to: /home/dlee/ros2_ws/src/sar_experiment/build/sar_env_exp
[0.699s] Invoked command in '/home/dlee/ros2_ws/src/sar_experiment/build/sar_env_exp' returned '0': CMAKE_PREFIX_PATH=${CMAKE_PREFIX_PATH}:/home/dlee/ros2_ws/install/crazyflie_py:/opt/ros/humble /usr/bin/cmake /home/dlee/ros2_ws/src/sar_experiment/sar_env_exp -DCMAKE_INSTALL_PREFIX=/home/dlee/ros2_ws/src/sar_experiment/install/sar_env_exp
[0.701s] Invoking command in '/home/dlee/ros2_ws/src/sar_experiment/build/sar_env_exp': CMAKE_PREFIX_PATH=${CMAKE_PREFIX_PATH}:/home/dlee/ros2_ws/install/crazyflie_py:/opt/ros/humble /usr/bin/cmake --build /home/dlee/ros2_ws/src/sar_experiment/build/sar_env_exp -- -j24 -l24
[0.742s] Invoked command in '/home/dlee/ros2_ws/src/sar_experiment/build/sar_env_exp' returned '0': CMAKE_PREFIX_PATH=${CMAKE_PREFIX_PATH}:/home/dlee/ros2_ws/install/crazyflie_py:/opt/ros/humble /usr/bin/cmake --build /home/dlee/ros2_ws/src/sar_experiment/build/sar_env_exp -- -j24 -l24
[0.753s] Invoking command in '/home/dlee/ros2_ws/src/sar_experiment/build/sar_env_exp': CMAKE_PREFIX_PATH=${CMAKE_PREFIX_PATH}:/home/dlee/ros2_ws/install/crazyflie_py:/opt/ros/humble /usr/bin/cmake --install /home/dlee/ros2_ws/src/sar_experiment/build/sar_env_exp
[0.761s] -- Install configuration: ""
[0.761s] -- Installing: /home/dlee/ros2_ws/src/sar_experiment/install/sar_env_exp/share/ament_index/resource_index/package_run_dependencies/sar_env_exp
[0.761s] -- Installing: /home/dlee/ros2_ws/src/sar_experiment/install/sar_env_exp/share/ament_index/resource_index/parent_prefix_path/sar_env_exp
[0.761s] -- Installing: /home/dlee/ros2_ws/src/sar_experiment/install/sar_env_exp/share/sar_env_exp/environment/ament_prefix_path.sh
[0.762s] -- Installing: /home/dlee/ros2_ws/src/sar_experiment/install/sar_env_exp/share/sar_env_exp/environment/ament_prefix_path.dsv
[0.762s] -- Installing: /home/dlee/ros2_ws/src/sar_experiment/install/sar_env_exp/share/sar_env_exp/environment/path.sh
[0.762s] -- Installing: /home/dlee/ros2_ws/src/sar_experiment/install/sar_env_exp/share/sar_env_exp/environment/path.dsv
[0.762s] -- Installing: /home/dlee/ros2_ws/src/sar_experiment/install/sar_env_exp/share/sar_env_exp/local_setup.bash
[0.762s] -- Installing: /home/dlee/ros2_ws/src/sar_experiment/install/sar_env_exp/share/sar_env_exp/local_setup.sh
[0.762s] -- Installing: /home/dlee/ros2_ws/src/sar_experiment/install/sar_env_exp/share/sar_env_exp/local_setup.zsh
[0.762s] -- Installing: /home/dlee/ros2_ws/src/sar_experiment/install/sar_env_exp/share/sar_env_exp/local_setup.dsv
[0.763s] -- Installing: /home/dlee/ros2_ws/src/sar_experiment/install/sar_env_exp/share/sar_env_exp/package.dsv
[0.763s] -- Installing: /home/dlee/ros2_ws/src/sar_experiment/install/sar_env_exp/share/ament_index/resource_index/packages/sar_env_exp
[0.763s] -- Installing: /home/dlee/ros2_ws/src/sar_experiment/install/sar_env_exp/share/sar_env_exp/cmake/sar_env_expConfig.cmake
[0.763s] -- Installing: /home/dlee/ros2_ws/src/sar_experiment/install/sar_env_exp/share/sar_env_exp/cmake/sar_env_expConfig-version.cmake
[0.763s] -- Installing: /home/dlee/ros2_ws/src/sar_experiment/install/sar_env_exp/share/sar_env_exp/package.xml
[0.766s] Invoked command in '/home/dlee/ros2_ws/src/sar_experiment/build/sar_env_exp' returned '0': CMAKE_PREFIX_PATH=${CMAKE_PREFIX_PATH}:/home/dlee/ros2_ws/install/crazyflie_py:/opt/ros/humble /usr/bin/cmake --install /home/dlee/ros2_ws/src/sar_experiment/build/sar_env_exp
